CCS PCM C Compiler, Version 5.076, 56587               03-jun.-20 22:57

               Filename:   D:\1JOAN\Universidad\Electronica_Digital\Electronica_Digital\Tra_Final_PICC\Tra_Final.lst

               ROM used:   1808 words (22%)
                           Largest free fragment is 2048
               RAM used:   33 (9%) at main() level
                           55 (15%) worst case
               Stack used: 5 locations
               Stack size: 8

*
0000:  MOVLW  05
0001:  MOVWF  0A
0002:  GOTO   589
0003:  NOP
.................... #include <16f887.h> 
.................... //////////// Standard Header file for the PIC16F887 device //////////////// 
.................... /////////////////////////////////////////////////////////////////////////// 
.................... ////        (C) Copyright 1996, 2014 Custom Computer Services          //// 
.................... //// This source code may only be used by licensed users of the CCS C  //// 
.................... //// compiler.  This source code may only be distributed to other      //// 
.................... //// licensed users of the CCS C compiler.  No other use, reproduction //// 
.................... //// or distribution is permitted without written permission.          //// 
.................... //// Derivative programs created using this software in object code    //// 
.................... //// form are not restricted in any way.                               //// 
.................... /////////////////////////////////////////////////////////////////////////// 
.................... #device PIC16F887 
0004:  BCF    0A.0
0005:  BCF    0A.1
0006:  BCF    0A.2
0007:  ADDWF  02,F
0008:  RETLW  08
0009:  RETLW  0C
000A:  RETLW  04
000B:  RETLW  06
000C:  RETLW  02
000D:  RETLW  03
000E:  RETLW  01
000F:  RETLW  09
0010:  DATA 0C,21
0011:  DATA E9,32
0012:  DATA 6E,3B
0013:  DATA 65,37
0014:  DATA 69,32
0015:  DATA EF,10
0016:  DATA A1,10
0017:  DATA 00,00
0018:  DATA 0C,23
0019:  DATA 72,17
001A:  DATA 52,10
001B:  DATA 3D,10
001C:  DATA 25,17
001D:  DATA 31,33
001E:  DATA 20,29
001F:  DATA E5,39
0020:  DATA AF,26
0021:  DATA 69,37
0022:  DATA 00,00
0023:  DATA 0A,28
0024:  DATA 72,17
0025:  DATA A0,1E
0026:  DATA A0,12
0027:  DATA 2E,18
0028:  DATA 66,10
0029:  DATA 6B,28
002A:  DATA 61,00
*
010E:  MOVF   0B,W
010F:  MOVWF  38
0110:  BCF    0B.7
0111:  BSF    03.5
0112:  BSF    03.6
0113:  BSF    0C.7
0114:  BSF    0C.0
0115:  NOP
0116:  NOP
0117:  BCF    03.5
0118:  BCF    03.6
0119:  BTFSC  38.7
011A:  BSF    0B.7
011B:  BSF    03.6
011C:  MOVF   0C,W
011D:  ANDLW  7F
011E:  BTFSC  03.2
011F:  GOTO   162
0120:  BCF    03.6
0121:  MOVWF  38
0122:  BSF    03.6
0123:  MOVF   0D,W
0124:  BCF    03.6
0125:  MOVWF  39
0126:  BSF    03.6
0127:  MOVF   0F,W
0128:  BCF    03.6
0129:  MOVWF  3A
012A:  MOVF   38,W
012B:  MOVWF  45
012C:  CALL   0E2
012D:  MOVF   39,W
012E:  BSF    03.6
012F:  MOVWF  0D
0130:  BCF    03.6
0131:  MOVF   3A,W
0132:  BSF    03.6
0133:  MOVWF  0F
0134:  BCF    03.6
0135:  MOVF   0B,W
0136:  MOVWF  3B
0137:  BCF    0B.7
0138:  BSF    03.5
0139:  BSF    03.6
013A:  BSF    0C.7
013B:  BSF    0C.0
013C:  NOP
013D:  NOP
013E:  BCF    03.5
013F:  BCF    03.6
0140:  BTFSC  3B.7
0141:  BSF    0B.7
0142:  BSF    03.6
0143:  RLF    0C,W
0144:  RLF    0E,W
0145:  ANDLW  7F
0146:  BTFSC  03.2
0147:  GOTO   162
0148:  BCF    03.6
0149:  MOVWF  38
014A:  BSF    03.6
014B:  MOVF   0D,W
014C:  BCF    03.6
014D:  MOVWF  39
014E:  BSF    03.6
014F:  MOVF   0F,W
0150:  BCF    03.6
0151:  MOVWF  3A
0152:  MOVF   38,W
0153:  MOVWF  45
0154:  CALL   0E2
0155:  MOVF   39,W
0156:  BSF    03.6
0157:  MOVWF  0D
0158:  BCF    03.6
0159:  MOVF   3A,W
015A:  BSF    03.6
015B:  MOVWF  0F
015C:  INCF   0D,F
015D:  BTFSC  03.2
015E:  INCF   0F,F
015F:  BCF    03.6
0160:  GOTO   10E
0161:  BSF    03.6
0162:  BCF    03.6
0163:  BCF    0A.3
0164:  BCF    0A.4
0165:  GOTO   5D9 (RETURN)
0166:  MOVLW  8E
0167:  MOVWF  77
0168:  MOVF   39,W
0169:  MOVWF  78
016A:  MOVF   38,W
016B:  MOVWF  79
016C:  CLRF   7A
016D:  MOVF   78,F
016E:  BTFSS  03.2
016F:  GOTO   17A
0170:  MOVF   79,W
0171:  MOVWF  78
0172:  CLRF   79
0173:  MOVLW  08
0174:  SUBWF  77,F
0175:  MOVF   78,F
0176:  BTFSS  03.2
0177:  GOTO   17A
0178:  CLRF   77
0179:  GOTO   182
017A:  BCF    03.0
017B:  BTFSC  78.7
017C:  GOTO   181
017D:  RLF    79,F
017E:  RLF    78,F
017F:  DECF   77,F
0180:  GOTO   17A
0181:  BCF    78.7
0182:  RETURN
0183:  MOVF   45,W
0184:  BTFSC  03.2
0185:  GOTO   1F3
0186:  MOVWF  4D
0187:  MOVF   49,W
0188:  BTFSC  03.2
0189:  GOTO   1F3
018A:  ADDWF  4D,F
018B:  BTFSC  03.0
018C:  GOTO   194
018D:  MOVLW  7F
018E:  SUBWF  4D,F
018F:  BTFSS  03.0
0190:  GOTO   1F3
0191:  BTFSC  03.2
0192:  GOTO   1F3
0193:  GOTO   198
0194:  MOVLW  81
0195:  ADDWF  4D,F
0196:  BTFSC  03.0
0197:  GOTO   1F3
0198:  MOVF   4D,W
0199:  MOVWF  77
019A:  CLRF   78
019B:  CLRF   79
019C:  CLRF   7A
019D:  MOVF   46,W
019E:  MOVWF  51
019F:  BSF    51.7
01A0:  MOVF   47,W
01A1:  MOVWF  50
01A2:  MOVF   48,W
01A3:  MOVWF  4F
01A4:  MOVLW  18
01A5:  MOVWF  4D
01A6:  CLRF   4E
01A7:  BTFSS  4F.0
01A8:  GOTO   1C1
01A9:  MOVF   4C,W
01AA:  ADDWF  7A,F
01AB:  BTFSS  03.0
01AC:  GOTO   1B3
01AD:  INCF   79,F
01AE:  BTFSS  03.2
01AF:  GOTO   1B3
01B0:  INCF   78,F
01B1:  BTFSC  03.2
01B2:  BSF    4E.7
01B3:  MOVF   4B,W
01B4:  ADDWF  79,F
01B5:  BTFSS  03.0
01B6:  GOTO   1BA
01B7:  INCF   78,F
01B8:  BTFSC  03.2
01B9:  BSF    4E.7
01BA:  MOVF   4A,W
01BB:  MOVWF  47
01BC:  BSF    47.7
01BD:  MOVF   47,W
01BE:  ADDWF  78,F
01BF:  BTFSC  03.0
01C0:  BSF    4E.7
01C1:  RLF    4E,F
01C2:  RRF    78,F
01C3:  RRF    79,F
01C4:  RRF    7A,F
01C5:  RRF    51,F
01C6:  RRF    50,F
01C7:  RRF    4F,F
01C8:  BCF    03.0
01C9:  DECFSZ 4D,F
01CA:  GOTO   1A6
01CB:  MOVLW  01
01CC:  ADDWF  77,F
01CD:  BTFSC  03.0
01CE:  GOTO   1F3
01CF:  BTFSC  78.7
01D0:  GOTO   1D8
01D1:  RLF    51,F
01D2:  RLF    7A,F
01D3:  RLF    79,F
01D4:  RLF    78,F
01D5:  DECF   77,F
01D6:  BTFSC  03.2
01D7:  GOTO   1F3
01D8:  BTFSS  51.7
01D9:  GOTO   1E9
01DA:  INCF   7A,F
01DB:  BTFSS  03.2
01DC:  GOTO   1E9
01DD:  INCF   79,F
01DE:  BTFSS  03.2
01DF:  GOTO   1E9
01E0:  INCF   78,F
01E1:  BTFSS  03.2
01E2:  GOTO   1E9
01E3:  RRF    78,F
01E4:  RRF    79,F
01E5:  RRF    7A,F
01E6:  INCF   77,F
01E7:  BTFSC  03.2
01E8:  GOTO   1F3
01E9:  MOVF   46,W
01EA:  MOVWF  4E
01EB:  MOVF   4A,W
01EC:  XORWF  4E,F
01ED:  BTFSS  4E.7
01EE:  GOTO   1F1
01EF:  BSF    78.7
01F0:  GOTO   1F7
01F1:  BCF    78.7
01F2:  GOTO   1F7
01F3:  CLRF   77
01F4:  CLRF   78
01F5:  CLRF   79
01F6:  CLRF   7A
01F7:  RETURN
01F8:  MOVF   3C,W
01F9:  BTFSC  03.2
01FA:  GOTO   2BD
01FB:  MOVWF  48
01FC:  MOVF   40,W
01FD:  BTFSC  03.2
01FE:  GOTO   2BD
01FF:  SUBWF  48,F
0200:  BTFSS  03.0
0201:  GOTO   207
0202:  MOVLW  7F
0203:  ADDWF  48,F
0204:  BTFSC  03.0
0205:  GOTO   2BD
0206:  GOTO   20D
0207:  MOVLW  81
0208:  SUBWF  48,F
0209:  BTFSS  03.0
020A:  GOTO   2BD
020B:  BTFSC  03.2
020C:  GOTO   2BD
020D:  MOVF   48,W
020E:  MOVWF  77
020F:  CLRF   78
0210:  CLRF   79
0211:  CLRF   7A
0212:  CLRF   47
0213:  MOVF   3D,W
0214:  MOVWF  46
0215:  BSF    46.7
0216:  MOVF   3E,W
0217:  MOVWF  45
0218:  MOVF   3F,W
0219:  MOVWF  44
021A:  MOVLW  19
021B:  MOVWF  48
021C:  MOVF   43,W
021D:  SUBWF  44,F
021E:  BTFSC  03.0
021F:  GOTO   230
0220:  MOVLW  01
0221:  SUBWF  45,F
0222:  BTFSC  03.0
0223:  GOTO   230
0224:  SUBWF  46,F
0225:  BTFSC  03.0
0226:  GOTO   230
0227:  SUBWF  47,F
0228:  BTFSC  03.0
0229:  GOTO   230
022A:  INCF   47,F
022B:  INCF   46,F
022C:  INCF   45,F
022D:  MOVF   43,W
022E:  ADDWF  44,F
022F:  GOTO   262
0230:  MOVF   42,W
0231:  SUBWF  45,F
0232:  BTFSC  03.0
0233:  GOTO   24B
0234:  MOVLW  01
0235:  SUBWF  46,F
0236:  BTFSC  03.0
0237:  GOTO   24B
0238:  SUBWF  47,F
0239:  BTFSC  03.0
023A:  GOTO   24B
023B:  INCF   47,F
023C:  INCF   46,F
023D:  MOVF   42,W
023E:  ADDWF  45,F
023F:  MOVF   43,W
0240:  ADDWF  44,F
0241:  BTFSS  03.0
0242:  GOTO   262
0243:  INCF   45,F
0244:  BTFSS  03.2
0245:  GOTO   262
0246:  INCF   46,F
0247:  BTFSS  03.2
0248:  GOTO   262
0249:  INCF   47,F
024A:  GOTO   262
024B:  MOVF   41,W
024C:  IORLW  80
024D:  SUBWF  46,F
024E:  BTFSC  03.0
024F:  GOTO   261
0250:  MOVLW  01
0251:  SUBWF  47,F
0252:  BTFSC  03.0
0253:  GOTO   261
0254:  INCF   47,F
0255:  MOVF   41,W
0256:  IORLW  80
0257:  ADDWF  46,F
0258:  MOVF   42,W
0259:  ADDWF  45,F
025A:  BTFSS  03.0
025B:  GOTO   23F
025C:  INCF   46,F
025D:  BTFSS  03.2
025E:  GOTO   23F
025F:  INCF   47,F
0260:  GOTO   23F
0261:  BSF    7A.0
0262:  DECFSZ 48,F
0263:  GOTO   265
0264:  GOTO   270
0265:  BCF    03.0
0266:  RLF    44,F
0267:  RLF    45,F
0268:  RLF    46,F
0269:  RLF    47,F
026A:  BCF    03.0
026B:  RLF    7A,F
026C:  RLF    79,F
026D:  RLF    78,F
026E:  RLF    49,F
026F:  GOTO   21C
0270:  BTFSS  49.0
0271:  GOTO   278
0272:  BCF    03.0
0273:  RRF    78,F
0274:  RRF    79,F
0275:  RRF    7A,F
0276:  RRF    49,F
0277:  GOTO   27B
0278:  DECF   77,F
0279:  BTFSC  03.2
027A:  GOTO   2BD
027B:  BTFSC  49.7
027C:  GOTO   2A4
027D:  BCF    03.0
027E:  RLF    44,F
027F:  RLF    45,F
0280:  RLF    46,F
0281:  RLF    47,F
0282:  MOVF   43,W
0283:  SUBWF  44,F
0284:  BTFSC  03.0
0285:  GOTO   290
0286:  MOVLW  01
0287:  SUBWF  45,F
0288:  BTFSC  03.0
0289:  GOTO   290
028A:  SUBWF  46,F
028B:  BTFSC  03.0
028C:  GOTO   290
028D:  SUBWF  47,F
028E:  BTFSS  03.0
028F:  GOTO   2B3
0290:  MOVF   42,W
0291:  SUBWF  45,F
0292:  BTFSC  03.0
0293:  GOTO   29B
0294:  MOVLW  01
0295:  SUBWF  46,F
0296:  BTFSC  03.0
0297:  GOTO   29B
0298:  SUBWF  47,F
0299:  BTFSS  03.0
029A:  GOTO   2B3
029B:  MOVF   41,W
029C:  IORLW  80
029D:  SUBWF  46,F
029E:  BTFSC  03.0
029F:  GOTO   2A4
02A0:  MOVLW  01
02A1:  SUBWF  47,F
02A2:  BTFSS  03.0
02A3:  GOTO   2B3
02A4:  INCF   7A,F
02A5:  BTFSS  03.2
02A6:  GOTO   2B3
02A7:  INCF   79,F
02A8:  BTFSS  03.2
02A9:  GOTO   2B3
02AA:  INCF   78,F
02AB:  BTFSS  03.2
02AC:  GOTO   2B3
02AD:  INCF   77,F
02AE:  BTFSC  03.2
02AF:  GOTO   2BD
02B0:  RRF    78,F
02B1:  RRF    79,F
02B2:  RRF    7A,F
02B3:  MOVF   3D,W
02B4:  MOVWF  48
02B5:  MOVF   41,W
02B6:  XORWF  48,F
02B7:  BTFSS  48.7
02B8:  GOTO   2BB
02B9:  BSF    78.7
02BA:  GOTO   2C1
02BB:  BCF    78.7
02BC:  GOTO   2C1
02BD:  CLRF   77
02BE:  CLRF   78
02BF:  CLRF   79
02C0:  CLRF   7A
02C1:  RETURN
02C2:  MOVLW  80
02C3:  BTFSC  03.1
02C4:  XORWF  41,F
02C5:  CLRF   46
02C6:  CLRF   47
02C7:  MOVF   3D,W
02C8:  MOVWF  45
02C9:  MOVF   41,W
02CA:  XORWF  45,F
02CB:  MOVF   3C,W
02CC:  BTFSC  03.2
02CD:  GOTO   3B2
02CE:  MOVWF  44
02CF:  MOVWF  77
02D0:  MOVF   40,W
02D1:  BTFSC  03.2
02D2:  GOTO   3BB
02D3:  SUBWF  44,F
02D4:  BTFSC  03.2
02D5:  GOTO   357
02D6:  BTFSS  03.0
02D7:  GOTO   315
02D8:  MOVF   41,W
02D9:  MOVWF  4A
02DA:  BSF    4A.7
02DB:  MOVF   42,W
02DC:  MOVWF  49
02DD:  MOVF   43,W
02DE:  MOVWF  48
02DF:  CLRF   47
02E0:  BCF    03.0
02E1:  RRF    4A,F
02E2:  RRF    49,F
02E3:  RRF    48,F
02E4:  RRF    47,F
02E5:  DECFSZ 44,F
02E6:  GOTO   2DF
02E7:  BTFSS  45.7
02E8:  GOTO   2EC
02E9:  BSF    46.0
02EA:  GOTO   3CF
02EB:  BCF    46.0
02EC:  BCF    44.0
02ED:  BSF    46.4
02EE:  MOVLW  3F
02EF:  MOVWF  04
02F0:  BCF    03.7
02F1:  GOTO   3E4
02F2:  BCF    46.4
02F3:  BTFSC  45.7
02F4:  GOTO   2FF
02F5:  BTFSS  44.0
02F6:  GOTO   30A
02F7:  RRF    4A,F
02F8:  RRF    49,F
02F9:  RRF    48,F
02FA:  RRF    47,F
02FB:  INCF   77,F
02FC:  BTFSC  03.2
02FD:  GOTO   3CA
02FE:  GOTO   30A
02FF:  BTFSC  4A.7
0300:  GOTO   30D
0301:  BCF    03.0
0302:  RLF    47,F
0303:  RLF    48,F
0304:  RLF    49,F
0305:  RLF    4A,F
0306:  DECF   77,F
0307:  BTFSC  03.2
0308:  GOTO   3CA
0309:  GOTO   2FF
030A:  BSF    46.6
030B:  GOTO   377
030C:  BCF    46.6
030D:  MOVF   3D,W
030E:  MOVWF  45
030F:  BTFSS  45.7
0310:  GOTO   313
0311:  BSF    4A.7
0312:  GOTO   3C3
0313:  BCF    4A.7
0314:  GOTO   3C3
0315:  MOVF   40,W
0316:  MOVWF  44
0317:  MOVWF  77
0318:  MOVF   3C,W
0319:  SUBWF  44,F
031A:  MOVF   3D,W
031B:  MOVWF  4A
031C:  BSF    4A.7
031D:  MOVF   3E,W
031E:  MOVWF  49
031F:  MOVF   3F,W
0320:  MOVWF  48
0321:  CLRF   47
0322:  BCF    03.0
0323:  RRF    4A,F
0324:  RRF    49,F
0325:  RRF    48,F
0326:  RRF    47,F
0327:  DECFSZ 44,F
0328:  GOTO   321
0329:  BTFSS  45.7
032A:  GOTO   32E
032B:  BSF    46.1
032C:  GOTO   3CF
032D:  BCF    46.1
032E:  BCF    44.0
032F:  BSF    46.5
0330:  MOVLW  43
0331:  MOVWF  04
0332:  BCF    03.7
0333:  GOTO   3E4
0334:  BCF    46.5
0335:  BTFSC  45.7
0336:  GOTO   341
0337:  BTFSS  44.0
0338:  GOTO   34C
0339:  RRF    4A,F
033A:  RRF    49,F
033B:  RRF    48,F
033C:  RRF    47,F
033D:  INCF   77,F
033E:  BTFSC  03.2
033F:  GOTO   3CA
0340:  GOTO   34C
0341:  BTFSC  4A.7
0342:  GOTO   34F
0343:  BCF    03.0
0344:  RLF    47,F
0345:  RLF    48,F
0346:  RLF    49,F
0347:  RLF    4A,F
0348:  DECF   77,F
0349:  BTFSC  03.2
034A:  GOTO   3CA
034B:  GOTO   341
034C:  BSF    46.7
034D:  GOTO   377
034E:  BCF    46.7
034F:  MOVF   41,W
0350:  MOVWF  45
0351:  BTFSS  45.7
0352:  GOTO   355
0353:  BSF    4A.7
0354:  GOTO   3C3
0355:  BCF    4A.7
0356:  GOTO   3C3
0357:  MOVF   41,W
0358:  MOVWF  4A
0359:  BSF    4A.7
035A:  MOVF   42,W
035B:  MOVWF  49
035C:  MOVF   43,W
035D:  MOVWF  48
035E:  BTFSS  45.7
035F:  GOTO   364
0360:  BCF    4A.7
0361:  BSF    46.2
0362:  GOTO   3CF
0363:  BCF    46.2
0364:  CLRF   47
0365:  BCF    44.0
0366:  MOVLW  3F
0367:  MOVWF  04
0368:  BCF    03.7
0369:  GOTO   3E4
036A:  BTFSC  45.7
036B:  GOTO   38D
036C:  MOVF   3D,W
036D:  MOVWF  45
036E:  BTFSS  44.0
036F:  GOTO   377
0370:  RRF    4A,F
0371:  RRF    49,F
0372:  RRF    48,F
0373:  RRF    47,F
0374:  INCF   77,F
0375:  BTFSC  03.2
0376:  GOTO   3CA
0377:  BTFSS  47.7
0378:  GOTO   388
0379:  INCF   48,F
037A:  BTFSS  03.2
037B:  GOTO   388
037C:  INCF   49,F
037D:  BTFSS  03.2
037E:  GOTO   388
037F:  INCF   4A,F
0380:  BTFSS  03.2
0381:  GOTO   388
0382:  RRF    4A,F
0383:  RRF    49,F
0384:  RRF    48,F
0385:  INCF   77,F
0386:  BTFSC  03.2
0387:  GOTO   3CA
0388:  BTFSC  46.6
0389:  GOTO   30C
038A:  BTFSC  46.7
038B:  GOTO   34E
038C:  GOTO   3AC
038D:  MOVLW  80
038E:  XORWF  4A,F
038F:  BTFSS  4A.7
0390:  GOTO   395
0391:  GOTO   3CF
0392:  MOVF   41,W
0393:  MOVWF  45
0394:  GOTO   3A2
0395:  MOVF   3D,W
0396:  MOVWF  45
0397:  MOVF   4A,F
0398:  BTFSS  03.2
0399:  GOTO   3A2
039A:  MOVF   49,F
039B:  BTFSS  03.2
039C:  GOTO   3A2
039D:  MOVF   48,F
039E:  BTFSS  03.2
039F:  GOTO   3A2
03A0:  CLRF   77
03A1:  GOTO   3C3
03A2:  BTFSC  4A.7
03A3:  GOTO   3AC
03A4:  BCF    03.0
03A5:  RLF    47,F
03A6:  RLF    48,F
03A7:  RLF    49,F
03A8:  RLF    4A,F
03A9:  DECFSZ 77,F
03AA:  GOTO   3A2
03AB:  GOTO   3CA
03AC:  BTFSS  45.7
03AD:  GOTO   3B0
03AE:  BSF    4A.7
03AF:  GOTO   3C3
03B0:  BCF    4A.7
03B1:  GOTO   3C3
03B2:  MOVF   40,W
03B3:  MOVWF  77
03B4:  MOVF   41,W
03B5:  MOVWF  4A
03B6:  MOVF   42,W
03B7:  MOVWF  49
03B8:  MOVF   43,W
03B9:  MOVWF  48
03BA:  GOTO   3C3
03BB:  MOVF   3C,W
03BC:  MOVWF  77
03BD:  MOVF   3D,W
03BE:  MOVWF  4A
03BF:  MOVF   3E,W
03C0:  MOVWF  49
03C1:  MOVF   3F,W
03C2:  MOVWF  48
03C3:  MOVF   4A,W
03C4:  MOVWF  78
03C5:  MOVF   49,W
03C6:  MOVWF  79
03C7:  MOVF   48,W
03C8:  MOVWF  7A
03C9:  GOTO   402
03CA:  CLRF   77
03CB:  CLRF   78
03CC:  CLRF   79
03CD:  CLRF   7A
03CE:  GOTO   402
03CF:  CLRF   47
03D0:  COMF   48,F
03D1:  COMF   49,F
03D2:  COMF   4A,F
03D3:  COMF   47,F
03D4:  INCF   47,F
03D5:  BTFSS  03.2
03D6:  GOTO   3DD
03D7:  INCF   48,F
03D8:  BTFSS  03.2
03D9:  GOTO   3DD
03DA:  INCF   49,F
03DB:  BTFSC  03.2
03DC:  INCF   4A,F
03DD:  BTFSC  46.0
03DE:  GOTO   2EB
03DF:  BTFSC  46.1
03E0:  GOTO   32D
03E1:  BTFSC  46.2
03E2:  GOTO   363
03E3:  GOTO   392
03E4:  MOVF   00,W
03E5:  ADDWF  48,F
03E6:  BTFSS  03.0
03E7:  GOTO   3EE
03E8:  INCF   49,F
03E9:  BTFSS  03.2
03EA:  GOTO   3EE
03EB:  INCF   4A,F
03EC:  BTFSC  03.2
03ED:  BSF    44.0
03EE:  DECF   04,F
03EF:  MOVF   00,W
03F0:  ADDWF  49,F
03F1:  BTFSS  03.0
03F2:  GOTO   3F6
03F3:  INCF   4A,F
03F4:  BTFSC  03.2
03F5:  BSF    44.0
03F6:  DECF   04,F
03F7:  MOVF   00,W
03F8:  BTFSS  00.7
03F9:  XORLW  80
03FA:  ADDWF  4A,F
03FB:  BTFSC  03.0
03FC:  BSF    44.0
03FD:  BTFSC  46.4
03FE:  GOTO   2F2
03FF:  BTFSC  46.5
0400:  GOTO   334
0401:  GOTO   36A
0402:  RETURN
0403:  MOVF   0B,W
0404:  MOVWF  39
0405:  BCF    0B.7
0406:  BSF    03.5
0407:  BSF    03.6
0408:  BSF    0C.7
0409:  BSF    0C.0
040A:  NOP
040B:  NOP
040C:  BCF    03.5
040D:  BCF    03.6
040E:  BTFSC  39.7
040F:  BSF    0B.7
0410:  BTFSC  03.0
0411:  GOTO   43A
0412:  BSF    03.6
0413:  MOVF   0C,W
0414:  ANDLW  7F
0415:  BCF    03.6
0416:  MOVWF  39
0417:  BSF    03.6
0418:  MOVF   0D,W
0419:  BCF    03.6
041A:  MOVWF  3A
041B:  BSF    03.6
041C:  MOVF   0F,W
041D:  BCF    03.6
041E:  MOVWF  3B
041F:  MOVF   39,W
0420:  MOVWF  45
0421:  CALL   0E2
0422:  MOVF   3A,W
0423:  BSF    03.6
0424:  MOVWF  0D
0425:  BCF    03.6
0426:  MOVF   3B,W
0427:  BSF    03.6
0428:  MOVWF  0F
0429:  BCF    03.6
042A:  MOVF   0B,W
042B:  MOVWF  3C
042C:  BCF    0B.7
042D:  BSF    03.5
042E:  BSF    03.6
042F:  BSF    0C.7
0430:  BSF    0C.0
0431:  NOP
0432:  NOP
0433:  BCF    03.5
0434:  BCF    03.6
0435:  BTFSC  3C.7
0436:  BSF    0B.7
0437:  DECFSZ 38,F
0438:  GOTO   43A
0439:  GOTO   459
043A:  BSF    03.6
043B:  RLF    0C,W
043C:  RLF    0E,W
043D:  ANDLW  7F
043E:  BCF    03.6
043F:  MOVWF  39
0440:  BSF    03.6
0441:  MOVF   0D,W
0442:  BCF    03.6
0443:  MOVWF  3A
0444:  BSF    03.6
0445:  MOVF   0F,W
0446:  BCF    03.6
0447:  MOVWF  3B
0448:  MOVF   39,W
0449:  MOVWF  45
044A:  CALL   0E2
044B:  MOVF   3A,W
044C:  BSF    03.6
044D:  MOVWF  0D
044E:  BCF    03.6
044F:  MOVF   3B,W
0450:  BSF    03.6
0451:  MOVWF  0F
0452:  INCF   0D,F
0453:  BTFSC  03.2
0454:  INCF   0F,F
0455:  BCF    03.0
0456:  BCF    03.6
0457:  DECFSZ 38,F
0458:  GOTO   403
0459:  RETURN
045A:  BTFSC  03.1
045B:  GOTO   45F
045C:  MOVLW  4D
045D:  MOVWF  04
045E:  BCF    03.7
045F:  CLRF   77
0460:  CLRF   78
0461:  CLRF   79
0462:  CLRF   7A
0463:  CLRF   4D
0464:  CLRF   4E
0465:  CLRF   4F
0466:  CLRF   50
0467:  MOVF   4C,W
0468:  IORWF  4B,W
0469:  IORWF  4A,W
046A:  IORWF  49,W
046B:  BTFSC  03.2
046C:  GOTO   49D
046D:  MOVLW  20
046E:  MOVWF  51
046F:  BCF    03.0
0470:  RLF    45,F
0471:  RLF    46,F
0472:  RLF    47,F
0473:  RLF    48,F
0474:  RLF    4D,F
0475:  RLF    4E,F
0476:  RLF    4F,F
0477:  RLF    50,F
0478:  MOVF   4C,W
0479:  SUBWF  50,W
047A:  BTFSS  03.2
047B:  GOTO   486
047C:  MOVF   4B,W
047D:  SUBWF  4F,W
047E:  BTFSS  03.2
047F:  GOTO   486
0480:  MOVF   4A,W
0481:  SUBWF  4E,W
0482:  BTFSS  03.2
0483:  GOTO   486
0484:  MOVF   49,W
0485:  SUBWF  4D,W
0486:  BTFSS  03.0
0487:  GOTO   497
0488:  MOVF   49,W
0489:  SUBWF  4D,F
048A:  MOVF   4A,W
048B:  BTFSS  03.0
048C:  INCFSZ 4A,W
048D:  SUBWF  4E,F
048E:  MOVF   4B,W
048F:  BTFSS  03.0
0490:  INCFSZ 4B,W
0491:  SUBWF  4F,F
0492:  MOVF   4C,W
0493:  BTFSS  03.0
0494:  INCFSZ 4C,W
0495:  SUBWF  50,F
0496:  BSF    03.0
0497:  RLF    77,F
0498:  RLF    78,F
0499:  RLF    79,F
049A:  RLF    7A,F
049B:  DECFSZ 51,F
049C:  GOTO   46F
049D:  MOVF   4D,W
049E:  MOVWF  00
049F:  INCF   04,F
04A0:  MOVF   4E,W
04A1:  MOVWF  00
04A2:  INCF   04,F
04A3:  MOVF   4F,W
04A4:  MOVWF  00
04A5:  INCF   04,F
04A6:  MOVF   50,W
04A7:  MOVWF  00
04A8:  RETURN
04A9:  MOVF   04,W
04AA:  MOVWF  3D
04AB:  MOVF   3C,W
04AC:  MOVWF  3F
04AD:  BTFSC  03.2
04AE:  GOTO   4C8
04AF:  MOVF   3B,W
04B0:  MOVWF  48
04B1:  MOVF   3A,W
04B2:  MOVWF  47
04B3:  MOVF   39,W
04B4:  MOVWF  46
04B5:  MOVF   38,W
04B6:  MOVWF  45
04B7:  CLRF   4C
04B8:  CLRF   4B
04B9:  MOVLW  20
04BA:  MOVWF  4A
04BB:  MOVLW  82
04BC:  MOVWF  49
04BD:  CALL   183
04BE:  MOVF   7A,W
04BF:  MOVWF  3B
04C0:  MOVF   79,W
04C1:  MOVWF  3A
04C2:  MOVF   78,W
04C3:  MOVWF  39
04C4:  MOVF   77,W
04C5:  MOVWF  38
04C6:  DECFSZ 3F,F
04C7:  GOTO   4AF
04C8:  MOVF   3B,W
04C9:  MOVWF  48
04CA:  MOVF   3A,W
04CB:  MOVWF  47
04CC:  MOVF   39,W
04CD:  MOVWF  46
04CE:  MOVF   38,W
04CF:  MOVWF  45
04D0:  MOVF   45,W
04D1:  SUBLW  B6
04D2:  MOVWF  45
04D3:  CLRF   7A
04D4:  MOVF   46,W
04D5:  MOVWF  49
04D6:  BSF    46.7
04D7:  BCF    03.0
04D8:  RRF    46,F
04D9:  RRF    47,F
04DA:  RRF    48,F
04DB:  RRF    7A,F
04DC:  RRF    79,F
04DD:  RRF    78,F
04DE:  RRF    77,F
04DF:  DECFSZ 45,F
04E0:  GOTO   4D7
04E1:  BTFSS  49.7
04E2:  GOTO   4EE
04E3:  COMF   77,F
04E4:  COMF   78,F
04E5:  COMF   79,F
04E6:  COMF   7A,F
04E7:  INCF   77,F
04E8:  BTFSC  03.2
04E9:  INCF   78,F
04EA:  BTFSC  03.2
04EB:  INCF   79,F
04EC:  BTFSC  03.2
04ED:  INCF   7A,F
04EE:  MOVF   7A,W
04EF:  MOVWF  3B
04F0:  MOVF   79,W
04F1:  MOVWF  3A
04F2:  MOVF   78,W
04F3:  MOVWF  39
04F4:  MOVF   77,W
04F5:  MOVWF  38
04F6:  BTFSS  3B.7
04F7:  GOTO   505
04F8:  DECF   3D,F
04F9:  BSF    3D.5
04FA:  COMF   38,F
04FB:  COMF   39,F
04FC:  COMF   3A,F
04FD:  COMF   3B,F
04FE:  INCF   38,F
04FF:  BTFSC  03.2
0500:  INCF   39,F
0501:  BTFSC  03.2
0502:  INCF   3A,F
0503:  BTFSC  03.2
0504:  INCF   3B,F
0505:  MOVLW  3B
0506:  MOVWF  44
0507:  MOVLW  9A
0508:  MOVWF  43
0509:  MOVLW  CA
050A:  MOVWF  42
050B:  CLRF   41
050C:  MOVLW  0A
050D:  MOVWF  3F
050E:  MOVF   3C,W
050F:  BTFSC  03.2
0510:  INCF   3D,F
0511:  BSF    03.1
0512:  MOVLW  38
0513:  MOVWF  04
0514:  BCF    03.7
0515:  MOVF   3B,W
0516:  MOVWF  48
0517:  MOVF   3A,W
0518:  MOVWF  47
0519:  MOVF   39,W
051A:  MOVWF  46
051B:  MOVF   38,W
051C:  MOVWF  45
051D:  MOVF   44,W
051E:  MOVWF  4C
051F:  MOVF   43,W
0520:  MOVWF  4B
0521:  MOVF   42,W
0522:  MOVWF  4A
0523:  MOVF   41,W
0524:  MOVWF  49
0525:  CALL   45A
0526:  MOVF   78,W
0527:  MOVF   77,F
0528:  BTFSS  03.2
0529:  GOTO   53D
052A:  INCF   3C,W
052B:  SUBWF  3F,W
052C:  BTFSC  03.2
052D:  GOTO   53D
052E:  MOVF   3D,W
052F:  BTFSC  03.2
0530:  GOTO   53F
0531:  ANDLW  0F
0532:  SUBWF  3F,W
0533:  BTFSC  03.2
0534:  GOTO   537
0535:  BTFSC  03.0
0536:  GOTO   56F
0537:  BTFSC  3D.7
0538:  GOTO   56F
0539:  BTFSC  3D.6
053A:  GOTO   53F
053B:  MOVLW  20
053C:  GOTO   56B
053D:  MOVLW  20
053E:  ANDWF  3D,F
053F:  BTFSS  3D.5
0540:  GOTO   54D
0541:  BCF    3D.5
0542:  MOVF   3C,W
0543:  BTFSS  03.2
0544:  DECF   3D,F
0545:  MOVF   77,W
0546:  MOVWF  3D
0547:  MOVLW  2D
0548:  MOVWF  45
0549:  CALL   0E2
054A:  MOVF   3D,W
054B:  MOVWF  77
054C:  CLRF   3D
054D:  MOVF   3C,W
054E:  SUBWF  3F,W
054F:  BTFSS  03.2
0550:  GOTO   55B
0551:  MOVF   77,W
0552:  MOVWF  3D
0553:  MOVLW  2E
0554:  MOVWF  45
0555:  CALL   0E2
0556:  MOVF   3D,W
0557:  MOVWF  77
0558:  MOVLW  20
0559:  ANDWF  3D,F
055A:  MOVLW  00
055B:  MOVLW  30
055C:  BTFSS  3D.5
055D:  GOTO   56B
055E:  BCF    3D.5
055F:  MOVF   3C,W
0560:  BTFSS  03.2
0561:  DECF   3D,F
0562:  MOVF   77,W
0563:  MOVWF  3D
0564:  MOVLW  2D
0565:  MOVWF  45
0566:  CALL   0E2
0567:  MOVF   3D,W
0568:  MOVWF  77
0569:  CLRF   3D
056A:  MOVLW  30
056B:  ADDWF  77,F
056C:  MOVF   77,W
056D:  MOVWF  45
056E:  CALL   0E2
056F:  BCF    03.1
0570:  MOVF   44,W
0571:  MOVWF  48
0572:  MOVF   43,W
0573:  MOVWF  47
0574:  MOVF   42,W
0575:  MOVWF  46
0576:  MOVF   41,W
0577:  MOVWF  45
0578:  CLRF   4C
0579:  CLRF   4B
057A:  CLRF   4A
057B:  MOVLW  0A
057C:  MOVWF  49
057D:  CALL   45A
057E:  MOVF   7A,W
057F:  MOVWF  44
0580:  MOVF   79,W
0581:  MOVWF  43
0582:  MOVF   78,W
0583:  MOVWF  42
0584:  MOVF   77,W
0585:  MOVWF  41
0586:  DECFSZ 3F,F
0587:  GOTO   511
0588:  RETURN
....................  
.................... #list 
....................  
.................... #device ADC = 10 
.................... #use delay(clock=4000000, crystal) 
*
002B:  MOVLW  46
002C:  MOVWF  04
002D:  BCF    03.7
002E:  MOVF   00,W
002F:  BTFSC  03.2
0030:  GOTO   03F
0031:  MOVLW  01
0032:  MOVWF  78
0033:  CLRF   77
0034:  DECFSZ 77,F
0035:  GOTO   034
0036:  DECFSZ 78,F
0037:  GOTO   033
0038:  MOVLW  4A
0039:  MOVWF  77
003A:  DECFSZ 77,F
003B:  GOTO   03A
003C:  GOTO   03D
003D:  DECFSZ 00,F
003E:  GOTO   031
003F:  RETURN
.................... #fuses XT, NOWDT, NOPROTECT 
.................... #include <LCD.c> 
.................... /////////////////////////////////////////////////////////////////////////////// 
.................... ////                             LCD.C                                     //// 
.................... ////                 Driver for common LCD modules                         //// 
.................... ////                                                                       //// 
.................... ////  lcd_init()   Must be called before any other function.               //// 
.................... ////                                                                       //// 
.................... ////  lcd_putc(c)  Will display c on the next position of the LCD.         //// 
.................... ////                 \a  Set cursor position to upper left                 //// 
.................... ////                 \f  Clear display, set cursor to upper left           //// 
.................... ////                 \n  Go to start of second line                        //// 
.................... ////                 \b  Move back one position                            //// 
.................... ////              If LCD_EXTENDED_NEWLINE is defined, the \n character     //// 
.................... ////              will erase all remanining characters on the current      //// 
.................... ////              line, and move the cursor to the beginning of the next   //// 
.................... ////              line.                                                    //// 
.................... ////              If LCD_EXTENDED_NEWLINE is defined, the \r character     //// 
.................... ////              will move the cursor to the start of the current         //// 
.................... ////              line.                                                    //// 
.................... ////                                                                       //// 
.................... ////  lcd_gotoxy(x,y) Set write position on LCD (upper left is 1,1)        //// 
.................... ////                                                                       //// 
.................... ////  lcd_getc(x,y)   Returns character at position x,y on LCD             //// 
.................... ////                                                                       //// 
.................... ////  lcd_cursor_on(int1 on)   Turn the cursor on (on=TRUE) or off         //// 
.................... ////              (on=FALSE).                                              //// 
.................... ////                                                                       //// 
.................... ////  lcd_set_cgram_char(w, *p)   Write a custom character to the CGRAM.   //// 
.................... ////                                                                       //// 
.................... ////                                                                       //// 
.................... ////  CONFIGURATION                                                        //// 
.................... ////  The LCD can be configured in one of two ways: a.) port access or     //// 
.................... ////  b.) pin access.  Port access requires the entire 7 bit interface     //// 
.................... ////  connected to one GPIO port, and the data bits (D4:D7 of the LCD)     //// 
.................... ////  connected to sequential pins on the GPIO.  Pin access                //// 
.................... ////  has no requirements, all 7 bits of the control interface can         //// 
.................... ////  can be connected to any GPIO using several ports.                    //// 
.................... ////                                                                       //// 
.................... ////  To use port access, #define LCD_DATA_PORT to the SFR location of     //// 
.................... ////  of the GPIO port that holds the interface, -AND- edit LCD_PIN_MAP    //// 
.................... ////  of this file to configure the pin order.  If you are using a         //// 
.................... ////  baseline PIC (PCB), then LCD_OUTPUT_MAP and LCD_INPUT_MAP also must  //// 
.................... ////  be defined.                                                          //// 
.................... ////                                                                       //// 
.................... ////  Example of port access:                                              //// 
.................... ////     #define LCD_DATA_PORT getenv("SFR:PORTD")                         //// 
.................... ////                                                                       //// 
.................... ////  To use pin access, the following pins must be defined:               //// 
.................... ////     LCD_ENABLE_PIN                                                    //// 
.................... ////     LCD_RS_PIN                                                        //// 
.................... ////     LCD_RW_PIN                                                        //// 
.................... ////     LCD_DATA4                                                         //// 
.................... ////     LCD_DATA5                                                         //// 
.................... ////     LCD_DATA6                                                         //// 
.................... ////     LCD_DATA7                                                         //// 
.................... ////                                                                       //// 
.................... ////  Example of pin access:                                               //// 
.................... ////     #define LCD_ENABLE_PIN  PIN_E0                                    //// 
.................... ////     #define LCD_RS_PIN      PIN_E1                                    //// 
.................... ////     #define LCD_RW_PIN      PIN_E2                                    //// 
.................... ////     #define LCD_DATA4       PIN_D4                                    //// 
.................... ////     #define LCD_DATA5       PIN_D5                                    //// 
.................... ////     #define LCD_DATA6       PIN_D6                                    //// 
.................... ////     #define LCD_DATA7       PIN_D7                                    //// 
.................... ////                                                                       //// 
.................... /////////////////////////////////////////////////////////////////////////////// 
.................... ////        (C) Copyright 1996,2010 Custom Computer Services           //// 
.................... //// This source code may only be used by licensed users of the CCS C  //// 
.................... //// compiler.  This source code may only be distributed to other      //// 
.................... //// licensed users of the CCS C compiler.  No other use, reproduction //// 
.................... //// or distribution is permitted without written permission.          //// 
.................... //// Derivative programs created using this software in object code    //// 
.................... //// form are not restricted in any way.                               //// 
.................... /////////////////////////////////////////////////////////////////////////// 
....................  
.................... #ifndef __LCD_C__ 
.................... #define __LCD_C__ 
....................  
.................... // define the pinout. 
.................... // only required if port access is being used. 
.................... typedef struct   
.................... {                            // This structure is overlayed 
....................    int1 enable;           // on to an I/O port to gain 
....................    int1 rs;               // access to the LCD pins. 
....................    int1 rw;               // The bits are allocated from 
....................    int1 unused;           // low order up.  ENABLE will 
....................    unsigned int     data : 4;         // be LSB pin of that port. 
....................   #if defined(__PCD__)       // The port used will be LCD_DATA_PORT. 
....................    unsigned int    reserved: 8; 
....................   #endif 
.................... } LCD_PIN_MAP; 
....................  
.................... // this is to improve compatability with previous LCD drivers that accepted 
.................... // a define labeled 'use_portb_lcd' that configured the LCD onto port B. 
.................... #if ((defined(use_portb_lcd)) && (use_portb_lcd==TRUE)) 
....................  #define LCD_DATA_PORT getenv("SFR:PORTB") 
.................... #endif 
....................  
.................... #if defined(__PCB__) 
....................    // these definitions only need to be modified for baseline PICs. 
....................    // all other PICs use LCD_PIN_MAP or individual LCD_xxx pin definitions. 
.................... /*                                    EN, RS,   RW,   UNUSED,  DATA  */ 
....................  const LCD_PIN_MAP LCD_OUTPUT_MAP =  {0,  0,    0,    0,       0}; 
....................  const LCD_PIN_MAP LCD_INPUT_MAP =   {0,  0,    0,    0,       0xF}; 
.................... #endif 
....................  
.................... ////////////////////// END CONFIGURATION /////////////////////////////////// 
....................  
.................... #ifndef LCD_ENABLE_PIN 
....................    #define lcd_output_enable(x) lcdlat.enable=x 
....................    #define lcd_enable_tris()   lcdtris.enable=0 
.................... #else 
....................    #define lcd_output_enable(x) output_bit(LCD_ENABLE_PIN, x) 
....................    #define lcd_enable_tris()  output_drive(LCD_ENABLE_PIN) 
.................... #endif 
....................  
.................... #ifndef LCD_RS_PIN 
....................    #define lcd_output_rs(x) lcdlat.rs=x 
....................    #define lcd_rs_tris()   lcdtris.rs=0 
.................... #else 
....................    #define lcd_output_rs(x) output_bit(LCD_RS_PIN, x) 
....................    #define lcd_rs_tris()  output_drive(LCD_RS_PIN) 
.................... #endif 
....................  
.................... #ifndef LCD_RW_PIN 
....................    #define lcd_output_rw(x) lcdlat.rw=x 
....................    #define lcd_rw_tris()   lcdtris.rw=0 
.................... #else 
....................    #define lcd_output_rw(x) output_bit(LCD_RW_PIN, x) 
....................    #define lcd_rw_tris()  output_drive(LCD_RW_PIN) 
.................... #endif 
....................  
.................... // original version of this library incorrectly labeled LCD_DATA0 as LCD_DATA4, 
.................... // LCD_DATA1 as LCD_DATA5, and so on.  this block of code makes the driver 
.................... // compatible with any code written for the original library 
.................... #if (defined(LCD_DATA0) && defined(LCD_DATA1) && defined(LCD_DATA2) && defined(LCD_DATA3) && !defined(LCD_DATA4) && !defined(LCD_DATA5) && !defined(LCD_DATA6) && !defined(LCD_DATA7)) 
....................    #define  LCD_DATA4    LCD_DATA0 
....................    #define  LCD_DATA5    LCD_DATA1 
....................    #define  LCD_DATA6    LCD_DATA2 
....................    #define  LCD_DATA7    LCD_DATA3 
.................... #endif 
....................  
.................... #ifndef LCD_DATA4 
.................... #ifndef LCD_DATA_PORT 
....................    #if defined(__PCB__) 
....................       #define LCD_DATA_PORT      0x06     //portb 
....................       #define set_tris_lcd(x)   set_tris_b(x) 
....................    #else 
....................      #if defined(PIN_D0) 
....................       #define LCD_DATA_PORT      getenv("SFR:PORTD")     //portd 
....................      #else 
....................       #define LCD_DATA_PORT      getenv("SFR:PORTB")     //portb 
....................      #endif 
....................    #endif    
.................... #endif 
....................  
.................... #if defined(__PCB__) 
....................    LCD_PIN_MAP lcd, lcdlat; 
....................    #byte lcd = LCD_DATA_PORT 
....................    #byte lcdlat = LCD_DATA_PORT 
.................... #elif defined(__PCM__) 
....................    LCD_PIN_MAP lcd, lcdlat, lcdtris; 
....................    #byte lcd = LCD_DATA_PORT 
....................    #byte lcdlat = LCD_DATA_PORT 
....................    #byte lcdtris = LCD_DATA_PORT+0x80 
.................... #elif defined(__PCH__) 
....................    LCD_PIN_MAP lcd, lcdlat, lcdtris; 
....................    #byte lcd = LCD_DATA_PORT 
....................    #byte lcdlat = LCD_DATA_PORT+9 
....................    #byte lcdtris = LCD_DATA_PORT+0x12 
.................... #elif defined(__PCD__) 
....................    LCD_PIN_MAP lcd, lcdlat, lcdtris; 
....................    #word lcd = LCD_DATA_PORT 
....................    #word lcdlat = LCD_DATA_PORT+2 
....................    #word lcdtris = LCD_DATA_PORT-0x02 
.................... #endif 
.................... #endif   //LCD_DATA4 not defined 
....................  
.................... #ifndef LCD_TYPE 
....................    #define LCD_TYPE 2           // 0=5x7, 1=5x10, 2=2 lines 
.................... #endif 
....................  
.................... #ifndef LCD_LINE_TWO 
....................    #define LCD_LINE_TWO 0x40    // LCD RAM address for the second line 
.................... #endif 
....................  
.................... #ifndef LCD_LINE_LENGTH 
....................    #define LCD_LINE_LENGTH 20 
.................... #endif 
....................  
.................... unsigned int8 lcd_read_nibble(void); 
....................  
.................... unsigned int8 lcd_read_byte(void) 
.................... { 
....................    unsigned int8 low,high; 
....................  
....................  #if defined(__PCB__) 
....................    set_tris_lcd(LCD_INPUT_MAP); 
....................  #else 
....................   #if (defined(LCD_DATA4) && defined(LCD_DATA5) && defined(LCD_DATA6) && defined(LCD_DATA7)) 
....................    output_float(LCD_DATA4); 
....................    output_float(LCD_DATA5); 
....................    output_float(LCD_DATA6); 
....................    output_float(LCD_DATA7); 
....................   #else 
....................    lcdtris.data = 0xF; 
*
0058:  MOVLW  0F
0059:  BSF    03.5
005A:  ANDWF  08,W
005B:  IORLW  F0
005C:  MOVWF  08
....................   #endif 
....................  #endif 
....................          
....................    lcd_output_rw(1); 
005D:  BCF    03.5
005E:  BSF    08.2
....................    delay_cycles(1); 
005F:  NOP
....................    lcd_output_enable(1); 
0060:  BSF    08.0
....................    delay_cycles(1); 
0061:  NOP
....................    high = lcd_read_nibble(); 
0062:  CALL   04C
0063:  MOVF   78,W
0064:  MOVWF  4D
....................        
....................    lcd_output_enable(0); 
0065:  BCF    08.0
....................    delay_cycles(1); 
0066:  NOP
....................    lcd_output_enable(1); 
0067:  BSF    08.0
....................    delay_us(1); 
0068:  NOP
....................    low = lcd_read_nibble(); 
0069:  CALL   04C
006A:  MOVF   78,W
006B:  MOVWF  4C
....................        
....................    lcd_output_enable(0); 
006C:  BCF    08.0
....................  
....................  #if defined(__PCB__) 
....................    set_tris_lcd(LCD_OUTPUT_MAP); 
....................  #else 
....................   #if (defined(LCD_DATA4) && defined(LCD_DATA5) && defined(LCD_DATA6) && defined(LCD_DATA7)) 
....................    output_drive(LCD_DATA4); 
....................    output_drive(LCD_DATA5); 
....................    output_drive(LCD_DATA6); 
....................    output_drive(LCD_DATA7); 
....................   #else 
....................    lcdtris.data = 0x0; 
006D:  MOVLW  0F
006E:  BSF    03.5
006F:  ANDWF  08,W
0070:  MOVWF  08
....................   #endif 
....................  #endif 
....................  
....................    return( (high<<4) | low); 
0071:  BCF    03.5
0072:  SWAPF  4D,W
0073:  MOVWF  77
0074:  MOVLW  F0
0075:  ANDWF  77,F
0076:  MOVF   77,W
0077:  IORWF  4C,W
0078:  MOVWF  78
.................... } 
....................  
.................... unsigned int8 lcd_read_nibble(void) 
.................... { 
....................   #if (defined(LCD_DATA4) && defined(LCD_DATA5) && defined(LCD_DATA6) && defined(LCD_DATA7)) 
....................    unsigned int8 n = 0x00; 
....................  
....................    /* Read the data port */ 
....................    n |= input(LCD_DATA4); 
....................    n |= input(LCD_DATA5) << 1; 
....................    n |= input(LCD_DATA6) << 2; 
....................    n |= input(LCD_DATA7) << 3; 
....................     
....................    return(n); 
....................   #else 
....................    return(lcd.data); 
*
004C:  MOVF   08,W
004D:  MOVWF  77
004E:  SWAPF  08,W
004F:  ANDLW  0F
0050:  MOVWF  78
....................   #endif 
0051:  RETURN
.................... } 
....................  
.................... void lcd_send_nibble(unsigned int8 n) 
.................... { 
....................   #if (defined(LCD_DATA4) && defined(LCD_DATA5) && defined(LCD_DATA6) && defined(LCD_DATA7)) 
....................    /* Write to the data port */ 
....................    output_bit(LCD_DATA4, bit_test(n, 0)); 
....................    output_bit(LCD_DATA5, bit_test(n, 1)); 
....................    output_bit(LCD_DATA6, bit_test(n, 2)); 
....................    output_bit(LCD_DATA7, bit_test(n, 3)); 
....................   #else       
....................    lcdlat.data = n; 
*
0040:  SWAPF  4D,W
0041:  ANDLW  F0
0042:  MOVWF  77
0043:  MOVLW  0F
0044:  ANDWF  08,W
0045:  IORWF  77,W
0046:  MOVWF  08
....................   #endif 
....................        
....................    delay_cycles(1); 
0047:  NOP
....................    lcd_output_enable(1); 
0048:  BSF    08.0
....................    delay_us(2); 
0049:  GOTO   04A
....................    lcd_output_enable(0); 
004A:  BCF    08.0
004B:  RETURN
.................... } 
....................  
.................... void lcd_send_byte(unsigned int8 address, unsigned int8 n) 
.................... { 
....................   #if defined(__PCB__) 
....................    set_tris_lcd(LCD_OUTPUT_MAP); 
....................   #else 
....................    lcd_enable_tris(); 
*
0052:  BSF    03.5
0053:  BCF    08.0
....................    lcd_rs_tris(); 
0054:  BCF    08.1
....................    lcd_rw_tris(); 
0055:  BCF    08.2
....................   #endif 
....................  
....................    lcd_output_rs(0); 
0056:  BCF    03.5
0057:  BCF    08.1
....................    while ( bit_test(lcd_read_byte(),7) ) ; 
*
0079:  MOVF   78,W
007A:  MOVWF  4C
007B:  BTFSC  4C.7
007C:  GOTO   058
....................    lcd_output_rs(address); 
007D:  BTFSS  4A.0
007E:  BCF    08.1
007F:  BTFSC  4A.0
0080:  BSF    08.1
....................    delay_cycles(1); 
0081:  NOP
....................    lcd_output_rw(0); 
0082:  BCF    08.2
....................    delay_cycles(1); 
0083:  NOP
....................    lcd_output_enable(0); 
0084:  BCF    08.0
....................    lcd_send_nibble(n >> 4); 
0085:  SWAPF  4B,W
0086:  MOVWF  4C
0087:  MOVLW  0F
0088:  ANDWF  4C,F
0089:  MOVF   4C,W
008A:  MOVWF  4D
008B:  CALL   040
....................    lcd_send_nibble(n & 0xf); 
008C:  MOVF   4B,W
008D:  ANDLW  0F
008E:  MOVWF  4C
008F:  MOVWF  4D
0090:  CALL   040
0091:  RETURN
.................... } 
....................  
.................... #if defined(LCD_EXTENDED_NEWLINE) 
.................... unsigned int8 g_LcdX, g_LcdY; 
.................... #endif 
....................  
.................... void lcd_init(void)  
.................... { 
....................    unsigned int8 i; 
....................    unsigned int8 LCD_INIT_STRING[4] = {0x20 | (LCD_TYPE << 2), 0xc, 1, 6}; 
0092:  MOVLW  28
0093:  MOVWF  39
0094:  MOVLW  0C
0095:  MOVWF  3A
0096:  MOVLW  01
0097:  MOVWF  3B
0098:  MOVLW  06
0099:  MOVWF  3C
....................                              // These bytes need to be sent to the LCD 
....................                              // to start it up. 
....................     
....................  
....................    lcd_output_enable(0); 
009A:  BCF    08.0
....................    lcd_output_rs(0); 
009B:  BCF    08.1
....................    lcd_output_rw(0); 
009C:  BCF    08.2
....................  
....................  #if defined(__PCB__) 
....................    set_tris_lcd(LCD_OUTPUT_MAP); 
....................  #else 
....................   #if (defined(LCD_DATA4) && defined(LCD_DATA5) && defined(LCD_DATA6) && defined(LCD_DATA7)) 
....................    output_drive(LCD_DATA4); 
....................    output_drive(LCD_DATA5); 
....................    output_drive(LCD_DATA6); 
....................    output_drive(LCD_DATA7); 
....................   #else 
....................    lcdtris.data = 0x0; 
009D:  MOVLW  0F
009E:  BSF    03.5
009F:  ANDWF  08,W
00A0:  MOVWF  08
....................   #endif 
....................    lcd_enable_tris(); 
00A1:  BCF    08.0
....................    lcd_rs_tris(); 
00A2:  BCF    08.1
....................    lcd_rw_tris(); 
00A3:  BCF    08.2
....................  #endif 
....................      
....................    delay_ms(15); 
00A4:  MOVLW  0F
00A5:  BCF    03.5
00A6:  MOVWF  46
00A7:  CALL   02B
....................    for(i=1;i<=3;++i) 
00A8:  MOVLW  01
00A9:  MOVWF  38
00AA:  MOVF   38,W
00AB:  SUBLW  03
00AC:  BTFSS  03.0
00AD:  GOTO   0B6
....................    { 
....................        lcd_send_nibble(3); 
00AE:  MOVLW  03
00AF:  MOVWF  4D
00B0:  CALL   040
....................        delay_ms(5); 
00B1:  MOVLW  05
00B2:  MOVWF  46
00B3:  CALL   02B
00B4:  INCF   38,F
00B5:  GOTO   0AA
....................    } 
....................     
....................    lcd_send_nibble(2); 
00B6:  MOVLW  02
00B7:  MOVWF  4D
00B8:  CALL   040
....................    delay_ms(5); 
00B9:  MOVLW  05
00BA:  MOVWF  46
00BB:  CALL   02B
....................    for(i=0;i<=3;++i) 
00BC:  CLRF   38
00BD:  MOVF   38,W
00BE:  SUBLW  03
00BF:  BTFSS  03.0
00C0:  GOTO   0CD
....................       lcd_send_byte(0,LCD_INIT_STRING[i]); 
00C1:  MOVLW  39
00C2:  ADDWF  38,W
00C3:  MOVWF  04
00C4:  BCF    03.7
00C5:  MOVF   00,W
00C6:  MOVWF  3D
00C7:  CLRF   4A
00C8:  MOVF   3D,W
00C9:  MOVWF  4B
00CA:  CALL   052
....................  
....................   #if defined(LCD_EXTENDED_NEWLINE) 
00CB:  INCF   38,F
00CC:  GOTO   0BD
00CD:  BCF    0A.3
00CE:  BCF    0A.4
00CF:  GOTO   5CB (RETURN)
....................    g_LcdX = 0; 
....................    g_LcdY = 0; 
....................   #endif 
.................... } 
....................  
.................... void lcd_gotoxy(unsigned int8 x, unsigned int8 y) 
.................... { 
....................    unsigned int8 address; 
....................     
....................    if(y!=1) 
00D0:  DECFSZ 47,W
00D1:  GOTO   0D3
00D2:  GOTO   0D6
....................       address=LCD_LINE_TWO; 
00D3:  MOVLW  40
00D4:  MOVWF  48
00D5:  GOTO   0D7
....................    else 
....................       address=0; 
00D6:  CLRF   48
....................       
....................    address+=x-1; 
00D7:  MOVLW  01
00D8:  SUBWF  46,W
00D9:  ADDWF  48,F
....................    lcd_send_byte(0,0x80|address); 
00DA:  MOVF   48,W
00DB:  IORLW  80
00DC:  MOVWF  49
00DD:  CLRF   4A
00DE:  MOVF   49,W
00DF:  MOVWF  4B
00E0:  CALL   052
....................  
....................   #if defined(LCD_EXTENDED_NEWLINE) 
00E1:  RETURN
....................    g_LcdX = x - 1; 
....................    g_LcdY = y - 1; 
....................   #endif 
.................... } 
....................  
.................... void lcd_putc(char c) 
.................... { 
....................    switch (c) 
00E2:  MOVF   45,W
00E3:  XORLW  07
00E4:  BTFSC  03.2
00E5:  GOTO   0F0
00E6:  XORLW  0B
00E7:  BTFSC  03.2
00E8:  GOTO   0F5
00E9:  XORLW  06
00EA:  BTFSC  03.2
00EB:  GOTO   0FD
00EC:  XORLW  02
00ED:  BTFSC  03.2
00EE:  GOTO   103
00EF:  GOTO   108
....................    { 
....................       case '\a'   :  lcd_gotoxy(1,1);     break; 
00F0:  MOVLW  01
00F1:  MOVWF  46
00F2:  MOVWF  47
00F3:  CALL   0D0
00F4:  GOTO   10D
....................  
....................       case '\f'   :  lcd_send_byte(0,1); 
00F5:  CLRF   4A
00F6:  MOVLW  01
00F7:  MOVWF  4B
00F8:  CALL   052
....................                      delay_ms(2); 
00F9:  MOVLW  02
00FA:  MOVWF  46
00FB:  CALL   02B
....................                     #if defined(LCD_EXTENDED_NEWLINE) 
....................                      g_LcdX = 0; 
....................                      g_LcdY = 0; 
....................                     #endif 
....................                      break; 
00FC:  GOTO   10D
....................  
....................      #if defined(LCD_EXTENDED_NEWLINE) 
....................       case '\r'   :  lcd_gotoxy(1, g_LcdY+1);   break; 
....................       case '\n'   : 
....................          while (g_LcdX++ < LCD_LINE_LENGTH) 
....................          { 
....................             lcd_send_byte(1, ' '); 
....................          } 
....................          lcd_gotoxy(1, g_LcdY+2); 
....................          break; 
....................      #else 
....................       case '\n'   : lcd_gotoxy(1,2);        break; 
00FD:  MOVLW  01
00FE:  MOVWF  46
00FF:  MOVLW  02
0100:  MOVWF  47
0101:  CALL   0D0
0102:  GOTO   10D
....................      #endif 
....................       
....................       case '\b'   : lcd_send_byte(0,0x10);  break; 
0103:  CLRF   4A
0104:  MOVLW  10
0105:  MOVWF  4B
0106:  CALL   052
0107:  GOTO   10D
....................       
....................      #if defined(LCD_EXTENDED_NEWLINE) 
....................       default     :  
....................          if (g_LcdX < LCD_LINE_LENGTH) 
....................          { 
....................             lcd_send_byte(1, c); 
....................             g_LcdX++; 
....................          } 
....................          break; 
....................      #else 
....................       default     : lcd_send_byte(1,c);     break; 
0108:  MOVLW  01
0109:  MOVWF  4A
010A:  MOVF   45,W
010B:  MOVWF  4B
010C:  CALL   052
....................      #endif 
....................    } 
010D:  RETURN
.................... } 
....................   
.................... char lcd_getc(unsigned int8 x, unsigned int8 y) 
.................... { 
....................    char value; 
....................  
....................    lcd_gotoxy(x,y); 
....................    while ( bit_test(lcd_read_byte(),7) ); // wait until busy flag is low 
....................    lcd_output_rs(1); 
....................    value = lcd_read_byte(); 
....................    lcd_output_rs(0); 
....................     
....................    return(value); 
.................... } 
....................  
.................... // write a custom character to the ram 
.................... // which is 0-7 and specifies which character array we are modifying. 
.................... // ptr points to an array of 8 bytes, where each byte is the next row of 
.................... //    pixels.  only bits 0-4 are used.  the last row is the cursor row, and 
.................... //    usually you will want to leave this byte 0x00. 
.................... void lcd_set_cgram_char(unsigned int8 which, unsigned int8 *ptr) 
.................... { 
....................    unsigned int i; 
....................  
....................    which <<= 3; 
....................    which &= 0x38; 
....................  
....................    lcd_send_byte(0, 0x40 | which);  //set cgram address 
....................  
....................    for(i=0; i<8; i++) 
....................    { 
....................       lcd_send_byte(1, *ptr++); 
....................    } 
....................    
....................    #if defined(LCD_EXTENDED_NEWLINE) 
....................     lcd_gotoxy(g_LcdX+1, g_LcdY+1);  //set ddram address 
....................    #endif 
.................... } 
....................  
.................... void lcd_cursor_on(int1 on) 
.................... { 
....................    if (on) 
....................    { 
....................       lcd_send_byte(0,0x0F);           //turn LCD cursor ON 
....................    } 
....................    else 
....................    { 
....................       lcd_send_byte(0,0x0C);           //turn LCD cursor OFF 
....................    } 
.................... } 
....................  
.................... #endif 
....................  
....................  
.................... #use fast_io(A) 
.................... #use fast_io(B) 
.................... #use fast_io(C) 
.................... #use fast_io(D) 
....................  
.................... int1 start_stop = 0; 
.................... int8 cont_motor = 0; 
.................... const byte motor[8] = {0b1000, 0b1100, 0b0100, 0b0110, 0b0010, 0b0011, 0b0001, 0b1001}; 
....................  
.................... void main () { 
*
0589:  MOVF   03,W
058A:  ANDLW  1F
058B:  MOVWF  03
058C:  BCF    20.0
058D:  CLRF   21
058E:  CLRF   23
058F:  CLRF   22
0590:  BSF    03.5
0591:  BSF    03.6
0592:  MOVF   09,W
0593:  ANDLW  C0
0594:  MOVWF  09
0595:  BCF    03.6
0596:  BCF    1F.4
0597:  BCF    1F.5
0598:  MOVLW  00
0599:  BSF    03.6
059A:  MOVWF  08
059B:  BCF    03.5
059C:  CLRF   07
059D:  CLRF   08
059E:  CLRF   09
059F:  BCF    03.7
05A0:  BCF    03.6
05A1:  CLRF   27
05A2:  CLRF   26
05A3:  CLRF   25
05A4:  CLRF   24
05A5:  CLRF   2B
05A6:  CLRF   2A
05A7:  CLRF   29
05A8:  CLRF   28
05A9:  CLRF   2F
05AA:  CLRF   2E
05AB:  CLRF   2D
05AC:  CLRF   2C
05AD:  CLRF   33
05AE:  CLRF   32
05AF:  CLRF   31
05B0:  CLRF   30
05B1:  CLRF   37
05B2:  CLRF   36
05B3:  CLRF   35
05B4:  CLRF   34
....................    //Variables 
....................    //Frecuencia respiratoria (10-70) Respiraciones por minuto 
....................    float frec_res = 0; 
....................    float q_frec_res = 0; 
....................    //Presion medida 
....................    float pres = 0; 
....................    float pres_med = 0; 
....................    float q_pres_med = 0; 
....................    //float bits100 = 836.9605145;    //El sensor MPX4115 entrega 4.092V a 100kPa 
....................     
....................    //Puertos Motor Paso a Paso y Start-Stop 
....................    set_tris_b(0xF0);             //Se usan los puertos de RB0 hasta RB3 
05B5:  MOVLW  F0
05B6:  BSF    03.5
05B7:  MOVWF  06
....................                                  //para el motor paso a paso y los puertos 
....................                                  //RB4 y RB5 para Start y Stop, respectivamente 
....................     
....................    //Configuración ADC 
....................    setup_adc_ports(0x03);        //Se usan los canales AN0 y AN1 
05B8:  BSF    03.6
05B9:  MOVF   09,W
05BA:  ANDLW  C0
05BB:  MOVWF  09
05BC:  BCF    03.6
05BD:  BCF    1F.4
05BE:  BCF    1F.5
05BF:  MOVLW  03
05C0:  BSF    03.6
05C1:  MOVWF  08
....................    setup_adc(ADC_CLOCK_INTERNAL); 
05C2:  BCF    03.5
05C3:  BCF    03.6
05C4:  BSF    1F.6
05C5:  BSF    1F.7
05C6:  BSF    03.5
05C7:  BSF    1F.7
05C8:  BCF    03.5
05C9:  BSF    1F.0
....................     
....................    //Configuración LCD 
....................    lcd_init(); 
05CA:  GOTO   092
....................    delay_ms(300); 
05CB:  MOVLW  02
05CC:  MOVWF  38
05CD:  MOVLW  96
05CE:  MOVWF  46
05CF:  CALL   02B
05D0:  DECFSZ 38,F
05D1:  GOTO   5CD
....................    printf(lcd_putc, "\fBienvenido!!!"); 
05D2:  MOVLW  10
05D3:  BSF    03.6
05D4:  MOVWF  0D
05D5:  MOVLW  00
05D6:  MOVWF  0F
05D7:  BCF    03.6
05D8:  GOTO   10E
....................    delay_ms(300); 
05D9:  MOVLW  02
05DA:  MOVWF  38
05DB:  MOVLW  96
05DC:  MOVWF  46
05DD:  CALL   02B
05DE:  DECFSZ 38,F
05DF:  GOTO   5DB
....................     
....................    while (true) { 
....................       //Lectura de la frecuencia respiratoria 
....................       set_adc_channel(1); 
05E0:  MOVLW  04
05E1:  MOVWF  78
05E2:  MOVF   1F,W
05E3:  ANDLW  C3
05E4:  IORWF  78,W
05E5:  MOVWF  1F
....................       delay_us(20); 
05E6:  MOVLW  06
05E7:  MOVWF  77
05E8:  DECFSZ 77,F
05E9:  GOTO   5E8
05EA:  NOP
....................       q_frec_res = read_adc(); 
05EB:  BSF    1F.1
05EC:  BTFSC  1F.1
05ED:  GOTO   5EC
05EE:  MOVF   1E,W
05EF:  MOVWF  7A
05F0:  BSF    03.5
05F1:  MOVF   1E,W
05F2:  BCF    03.5
05F3:  MOVWF  38
05F4:  MOVF   1E,W
05F5:  MOVWF  39
05F6:  CALL   166
05F7:  MOVF   7A,W
05F8:  MOVWF  2B
05F9:  MOVF   79,W
05FA:  MOVWF  2A
05FB:  MOVF   78,W
05FC:  MOVWF  29
05FD:  MOVF   77,W
05FE:  MOVWF  28
....................       frec_res = 0.06842*q_frec_res; 
05FF:  MOVLW  C9
0600:  MOVWF  48
0601:  MOVLW  1F
0602:  MOVWF  47
0603:  MOVLW  0C
0604:  MOVWF  46
0605:  MOVLW  7B
0606:  MOVWF  45
0607:  MOVF   2B,W
0608:  MOVWF  4C
0609:  MOVF   2A,W
060A:  MOVWF  4B
060B:  MOVF   29,W
060C:  MOVWF  4A
060D:  MOVF   28,W
060E:  MOVWF  49
060F:  CALL   183
0610:  MOVF   7A,W
0611:  MOVWF  27
0612:  MOVF   79,W
0613:  MOVWF  26
0614:  MOVF   78,W
0615:  MOVWF  25
0616:  MOVF   77,W
0617:  MOVWF  24
....................        
....................       //Lectura de la presión 
....................       set_adc_channel(0); 
0618:  MOVLW  00
0619:  MOVWF  78
061A:  MOVF   1F,W
061B:  ANDLW  C3
061C:  IORWF  78,W
061D:  MOVWF  1F
....................       delay_us(20); 
061E:  MOVLW  06
061F:  MOVWF  77
0620:  DECFSZ 77,F
0621:  GOTO   620
0622:  NOP
....................       q_pres_med = read_adc(); 
0623:  BSF    1F.1
0624:  BTFSC  1F.1
0625:  GOTO   624
0626:  MOVF   1E,W
0627:  MOVWF  7A
0628:  BSF    03.5
0629:  MOVF   1E,W
062A:  BCF    03.5
062B:  MOVWF  38
062C:  MOVF   1E,W
062D:  MOVWF  39
062E:  CALL   166
062F:  MOVF   7A,W
0630:  MOVWF  37
0631:  MOVF   79,W
0632:  MOVWF  36
0633:  MOVF   78,W
0634:  MOVWF  35
0635:  MOVF   77,W
0636:  MOVWF  34
....................       pres = (5.0*q_pres_med)/1024.0; 
0637:  CLRF   48
0638:  CLRF   47
0639:  MOVLW  20
063A:  MOVWF  46
063B:  MOVLW  81
063C:  MOVWF  45
063D:  MOVF   37,W
063E:  MOVWF  4C
063F:  MOVF   36,W
0640:  MOVWF  4B
0641:  MOVF   35,W
0642:  MOVWF  4A
0643:  MOVF   34,W
0644:  MOVWF  49
0645:  CALL   183
0646:  MOVF   7A,W
0647:  MOVWF  3B
0648:  MOVF   79,W
0649:  MOVWF  3A
064A:  MOVF   78,W
064B:  MOVWF  39
064C:  MOVF   77,W
064D:  MOVWF  38
064E:  MOVF   7A,W
064F:  MOVWF  3F
0650:  MOVF   79,W
0651:  MOVWF  3E
0652:  MOVF   78,W
0653:  MOVWF  3D
0654:  MOVF   77,W
0655:  MOVWF  3C
0656:  CLRF   43
0657:  CLRF   42
0658:  CLRF   41
0659:  MOVLW  89
065A:  MOVWF  40
065B:  CALL   1F8
065C:  MOVF   7A,W
065D:  MOVWF  2F
065E:  MOVF   79,W
065F:  MOVWF  2E
0660:  MOVF   78,W
0661:  MOVWF  2D
0662:  MOVF   77,W
0663:  MOVWF  2C
....................       pres_med = ((0.475 + pres)/0.045) - 1; 
0664:  BCF    03.1
0665:  MOVLW  33
0666:  MOVWF  3F
0667:  MOVWF  3E
0668:  MOVLW  73
0669:  MOVWF  3D
066A:  MOVLW  7D
066B:  MOVWF  3C
066C:  MOVF   2F,W
066D:  MOVWF  43
066E:  MOVF   2E,W
066F:  MOVWF  42
0670:  MOVF   2D,W
0671:  MOVWF  41
0672:  MOVF   2C,W
0673:  MOVWF  40
0674:  CALL   2C2
0675:  MOVF   7A,W
0676:  MOVWF  3B
0677:  MOVF   79,W
0678:  MOVWF  3A
0679:  MOVF   78,W
067A:  MOVWF  39
067B:  MOVF   77,W
067C:  MOVWF  38
067D:  MOVF   7A,W
067E:  MOVWF  3F
067F:  MOVF   79,W
0680:  MOVWF  3E
0681:  MOVF   78,W
0682:  MOVWF  3D
0683:  MOVF   77,W
0684:  MOVWF  3C
0685:  MOVLW  EC
0686:  MOVWF  43
0687:  MOVLW  51
0688:  MOVWF  42
0689:  MOVLW  38
068A:  MOVWF  41
068B:  MOVLW  7A
068C:  MOVWF  40
068D:  CALL   1F8
068E:  MOVF   7A,W
068F:  MOVWF  3B
0690:  MOVF   79,W
0691:  MOVWF  3A
0692:  MOVF   78,W
0693:  MOVWF  39
0694:  MOVF   77,W
0695:  MOVWF  38
0696:  BSF    03.1
0697:  MOVF   7A,W
0698:  MOVWF  3F
0699:  MOVF   79,W
069A:  MOVWF  3E
069B:  MOVF   78,W
069C:  MOVWF  3D
069D:  MOVF   77,W
069E:  MOVWF  3C
069F:  CLRF   43
06A0:  CLRF   42
06A1:  CLRF   41
06A2:  MOVLW  7F
06A3:  MOVWF  40
06A4:  CALL   2C2
06A5:  MOVF   7A,W
06A6:  MOVWF  33
06A7:  MOVF   79,W
06A8:  MOVWF  32
06A9:  MOVF   78,W
06AA:  MOVWF  31
06AB:  MOVF   77,W
06AC:  MOVWF  30
....................       //pres_med = (100*q_pres_med)/bits100; 
....................        
....................       //Visualización de los datos 
....................       printf(lcd_putc, "\fFr.R = %.1f Res/Min", q_frec_res); 
06AD:  MOVLW  18
06AE:  BSF    03.6
06AF:  MOVWF  0D
06B0:  MOVLW  00
06B1:  MOVWF  0F
06B2:  BCF    03.0
06B3:  MOVLW  08
06B4:  BCF    03.6
06B5:  MOVWF  38
06B6:  CALL   403
06B7:  MOVLW  89
06B8:  MOVWF  04
06B9:  MOVF   2B,W
06BA:  MOVWF  3B
06BB:  MOVF   2A,W
06BC:  MOVWF  3A
06BD:  MOVF   29,W
06BE:  MOVWF  39
06BF:  MOVF   28,W
06C0:  MOVWF  38
06C1:  MOVLW  01
06C2:  MOVWF  3C
06C3:  CALL   4A9
06C4:  MOVLW  1E
06C5:  BSF    03.6
06C6:  MOVWF  0D
06C7:  MOVLW  00
06C8:  MOVWF  0F
06C9:  BCF    03.0
06CA:  MOVLW  08
06CB:  BCF    03.6
06CC:  MOVWF  38
06CD:  CALL   403
....................       printf(lcd_putc, "\nPr. = %.0f kPa", pres_med); 
06CE:  MOVLW  23
06CF:  BSF    03.6
06D0:  MOVWF  0D
06D1:  MOVLW  00
06D2:  MOVWF  0F
06D3:  BCF    03.0
06D4:  MOVLW  07
06D5:  BCF    03.6
06D6:  MOVWF  38
06D7:  CALL   403
06D8:  MOVLW  89
06D9:  MOVWF  04
06DA:  MOVF   33,W
06DB:  MOVWF  3B
06DC:  MOVF   32,W
06DD:  MOVWF  3A
06DE:  MOVF   31,W
06DF:  MOVWF  39
06E0:  MOVF   30,W
06E1:  MOVWF  38
06E2:  CLRF   3C
06E3:  CALL   4A9
06E4:  MOVLW  28
06E5:  BSF    03.6
06E6:  MOVWF  0D
06E7:  MOVLW  00
06E8:  MOVWF  0F
06E9:  BSF    03.0
06EA:  MOVLW  04
06EB:  BCF    03.6
06EC:  MOVWF  38
06ED:  CALL   403
....................       delay_ms(20); 
06EE:  MOVLW  14
06EF:  MOVWF  46
06F0:  CALL   02B
....................        
....................       //Verificar si se presiona el pulsador de Start 
....................       if (input(PIN_B4)) { 
06F1:  BTFSS  06.4
06F2:  GOTO   6F8
....................          start_stop = 1; 
06F3:  BSF    20.0
....................          delay_ms(100); 
06F4:  MOVLW  64
06F5:  MOVWF  46
06F6:  CALL   02B
....................       } else if (input(PIN_B5)) { 
06F7:  GOTO   6FE
06F8:  BTFSS  06.5
06F9:  GOTO   6FE
....................          start_stop = 0; 
06FA:  BCF    20.0
....................          delay_ms(100); 
06FB:  MOVLW  64
06FC:  MOVWF  46
06FD:  CALL   02B
....................       } 
....................        
....................       //Motor Paso A Paso 
....................       if (start_stop) { 
06FE:  BTFSS  20.0
06FF:  GOTO   70E
....................          cont_motor = 0; 
0700:  CLRF   21
....................          while (cont_motor < 8) { 
0701:  MOVF   21,W
0702:  SUBLW  07
0703:  BTFSS  03.0
0704:  GOTO   70E
....................             output_b(motor[cont_motor]); 
0705:  MOVF   21,W
0706:  CALL   004
0707:  MOVWF  38
0708:  MOVWF  06
....................             delay_ms(100); 
0709:  MOVLW  64
070A:  MOVWF  46
070B:  CALL   02B
....................             cont_motor++; 
070C:  INCF   21,F
070D:  GOTO   701
....................          } 
....................       } else {} 
070E:  GOTO   5E0
....................    } 
.................... } 
070F:  SLEEP

Configuration Fuses:
   Word  1: 2FE1   XT NOWDT PUT MCLR NOPROTECT NOCPD BROWNOUT IESO FCMEN NOLVP NODEBUG
   Word  2: 3FFF   BORV40 NOWRT
