CCS PCM C Compiler, Version 5.076, 56587               04-jun.-20 21:27

               Filename:   D:\1JOAN\Universidad\Electronica_Digital\Electronica_Digital\Tra_Final_PICC\Tra_Final.lst

               ROM used:   2036 words (25%)
                           Largest free fragment is 2048
               RAM used:   34 (9%) at main() level
                           70 (19%) worst case
               Stack used: 5 locations
               Stack size: 8

*
0000:  MOVLW  06
0001:  MOVWF  0A
0002:  GOTO   62D
0003:  NOP
.................... #include <16f887.h> 
.................... //////////// Standard Header file for the PIC16F887 device //////////////// 
.................... /////////////////////////////////////////////////////////////////////////// 
.................... ////        (C) Copyright 1996, 2014 Custom Computer Services          //// 
.................... //// This source code may only be used by licensed users of the CCS C  //// 
.................... //// compiler.  This source code may only be distributed to other      //// 
.................... //// licensed users of the CCS C compiler.  No other use, reproduction //// 
.................... //// or distribution is permitted without written permission.          //// 
.................... //// Derivative programs created using this software in object code    //// 
.................... //// form are not restricted in any way.                               //// 
.................... /////////////////////////////////////////////////////////////////////////// 
.................... #device PIC16F887 
0004:  BCF    0A.0
0005:  BCF    0A.1
0006:  BCF    0A.2
0007:  ADDWF  02,F
0008:  RETLW  08
0009:  RETLW  0C
000A:  RETLW  04
000B:  RETLW  06
000C:  RETLW  02
000D:  RETLW  03
000E:  RETLW  01
000F:  RETLW  09
0010:  DATA 0C,21
0011:  DATA E9,32
0012:  DATA 6E,3B
0013:  DATA 65,37
0014:  DATA 69,32
0015:  DATA EF,10
0016:  DATA A1,10
0017:  DATA 00,00
0018:  DATA 0C,23
0019:  DATA 52,10
001A:  DATA 3D,10
001B:  DATA 25,17
001C:  DATA 31,33
001D:  DATA 20,29
001E:  DATA E5,39
001F:  DATA AF,36
0020:  DATA 00,00
0021:  DATA 0A,28
0022:  DATA 72,17
0023:  DATA A0,1E
0024:  DATA A0,12
0025:  DATA 2E,18
0026:  DATA 66,10
0027:  DATA 6B,28
0028:  DATA 61,00
*
010C:  MOVF   0B,W
010D:  MOVWF  39
010E:  BCF    0B.7
010F:  BSF    03.5
0110:  BSF    03.6
0111:  BSF    0C.7
0112:  BSF    0C.0
0113:  NOP
0114:  NOP
0115:  BCF    03.5
0116:  BCF    03.6
0117:  BTFSC  39.7
0118:  BSF    0B.7
0119:  BSF    03.6
011A:  MOVF   0C,W
011B:  ANDLW  7F
011C:  BTFSC  03.2
011D:  GOTO   160
011E:  BCF    03.6
011F:  MOVWF  39
0120:  BSF    03.6
0121:  MOVF   0D,W
0122:  BCF    03.6
0123:  MOVWF  3A
0124:  BSF    03.6
0125:  MOVF   0F,W
0126:  BCF    03.6
0127:  MOVWF  3B
0128:  MOVF   39,W
0129:  MOVWF  46
012A:  CALL   0E0
012B:  MOVF   3A,W
012C:  BSF    03.6
012D:  MOVWF  0D
012E:  BCF    03.6
012F:  MOVF   3B,W
0130:  BSF    03.6
0131:  MOVWF  0F
0132:  BCF    03.6
0133:  MOVF   0B,W
0134:  MOVWF  3C
0135:  BCF    0B.7
0136:  BSF    03.5
0137:  BSF    03.6
0138:  BSF    0C.7
0139:  BSF    0C.0
013A:  NOP
013B:  NOP
013C:  BCF    03.5
013D:  BCF    03.6
013E:  BTFSC  3C.7
013F:  BSF    0B.7
0140:  BSF    03.6
0141:  RLF    0C,W
0142:  RLF    0E,W
0143:  ANDLW  7F
0144:  BTFSC  03.2
0145:  GOTO   160
0146:  BCF    03.6
0147:  MOVWF  39
0148:  BSF    03.6
0149:  MOVF   0D,W
014A:  BCF    03.6
014B:  MOVWF  3A
014C:  BSF    03.6
014D:  MOVF   0F,W
014E:  BCF    03.6
014F:  MOVWF  3B
0150:  MOVF   39,W
0151:  MOVWF  46
0152:  CALL   0E0
0153:  MOVF   3A,W
0154:  BSF    03.6
0155:  MOVWF  0D
0156:  BCF    03.6
0157:  MOVF   3B,W
0158:  BSF    03.6
0159:  MOVWF  0F
015A:  INCF   0D,F
015B:  BTFSC  03.2
015C:  INCF   0F,F
015D:  BCF    03.6
015E:  GOTO   10C
015F:  BSF    03.6
0160:  BCF    03.6
0161:  BCF    0A.3
0162:  BCF    0A.4
0163:  GOTO   67E (RETURN)
0164:  MOVLW  8E
0165:  MOVWF  77
0166:  MOVF   3A,W
0167:  MOVWF  78
0168:  MOVF   39,W
0169:  MOVWF  79
016A:  CLRF   7A
016B:  MOVF   78,F
016C:  BTFSS  03.2
016D:  GOTO   178
016E:  MOVF   79,W
016F:  MOVWF  78
0170:  CLRF   79
0171:  MOVLW  08
0172:  SUBWF  77,F
0173:  MOVF   78,F
0174:  BTFSS  03.2
0175:  GOTO   178
0176:  CLRF   77
0177:  GOTO   180
0178:  BCF    03.0
0179:  BTFSC  78.7
017A:  GOTO   17F
017B:  RLF    79,F
017C:  RLF    78,F
017D:  DECF   77,F
017E:  GOTO   178
017F:  BCF    78.7
0180:  RETURN
0181:  MOVLW  80
0182:  BTFSC  03.1
0183:  XORWF  56,F
0184:  CLRF   5B
0185:  CLRF   5C
0186:  MOVF   52,W
0187:  MOVWF  5A
0188:  MOVF   56,W
0189:  XORWF  5A,F
018A:  MOVF   51,W
018B:  BTFSC  03.2
018C:  GOTO   271
018D:  MOVWF  59
018E:  MOVWF  77
018F:  MOVF   55,W
0190:  BTFSC  03.2
0191:  GOTO   27A
0192:  SUBWF  59,F
0193:  BTFSC  03.2
0194:  GOTO   216
0195:  BTFSS  03.0
0196:  GOTO   1D4
0197:  MOVF   56,W
0198:  MOVWF  5F
0199:  BSF    5F.7
019A:  MOVF   57,W
019B:  MOVWF  5E
019C:  MOVF   58,W
019D:  MOVWF  5D
019E:  CLRF   5C
019F:  BCF    03.0
01A0:  RRF    5F,F
01A1:  RRF    5E,F
01A2:  RRF    5D,F
01A3:  RRF    5C,F
01A4:  DECFSZ 59,F
01A5:  GOTO   19E
01A6:  BTFSS  5A.7
01A7:  GOTO   1AB
01A8:  BSF    5B.0
01A9:  GOTO   28E
01AA:  BCF    5B.0
01AB:  BCF    59.0
01AC:  BSF    5B.4
01AD:  MOVLW  54
01AE:  MOVWF  04
01AF:  BCF    03.7
01B0:  GOTO   2A3
01B1:  BCF    5B.4
01B2:  BTFSC  5A.7
01B3:  GOTO   1BE
01B4:  BTFSS  59.0
01B5:  GOTO   1C9
01B6:  RRF    5F,F
01B7:  RRF    5E,F
01B8:  RRF    5D,F
01B9:  RRF    5C,F
01BA:  INCF   77,F
01BB:  BTFSC  03.2
01BC:  GOTO   289
01BD:  GOTO   1C9
01BE:  BTFSC  5F.7
01BF:  GOTO   1CC
01C0:  BCF    03.0
01C1:  RLF    5C,F
01C2:  RLF    5D,F
01C3:  RLF    5E,F
01C4:  RLF    5F,F
01C5:  DECF   77,F
01C6:  BTFSC  03.2
01C7:  GOTO   289
01C8:  GOTO   1BE
01C9:  BSF    5B.6
01CA:  GOTO   236
01CB:  BCF    5B.6
01CC:  MOVF   52,W
01CD:  MOVWF  5A
01CE:  BTFSS  5A.7
01CF:  GOTO   1D2
01D0:  BSF    5F.7
01D1:  GOTO   282
01D2:  BCF    5F.7
01D3:  GOTO   282
01D4:  MOVF   55,W
01D5:  MOVWF  59
01D6:  MOVWF  77
01D7:  MOVF   51,W
01D8:  SUBWF  59,F
01D9:  MOVF   52,W
01DA:  MOVWF  5F
01DB:  BSF    5F.7
01DC:  MOVF   53,W
01DD:  MOVWF  5E
01DE:  MOVF   54,W
01DF:  MOVWF  5D
01E0:  CLRF   5C
01E1:  BCF    03.0
01E2:  RRF    5F,F
01E3:  RRF    5E,F
01E4:  RRF    5D,F
01E5:  RRF    5C,F
01E6:  DECFSZ 59,F
01E7:  GOTO   1E0
01E8:  BTFSS  5A.7
01E9:  GOTO   1ED
01EA:  BSF    5B.1
01EB:  GOTO   28E
01EC:  BCF    5B.1
01ED:  BCF    59.0
01EE:  BSF    5B.5
01EF:  MOVLW  58
01F0:  MOVWF  04
01F1:  BCF    03.7
01F2:  GOTO   2A3
01F3:  BCF    5B.5
01F4:  BTFSC  5A.7
01F5:  GOTO   200
01F6:  BTFSS  59.0
01F7:  GOTO   20B
01F8:  RRF    5F,F
01F9:  RRF    5E,F
01FA:  RRF    5D,F
01FB:  RRF    5C,F
01FC:  INCF   77,F
01FD:  BTFSC  03.2
01FE:  GOTO   289
01FF:  GOTO   20B
0200:  BTFSC  5F.7
0201:  GOTO   20E
0202:  BCF    03.0
0203:  RLF    5C,F
0204:  RLF    5D,F
0205:  RLF    5E,F
0206:  RLF    5F,F
0207:  DECF   77,F
0208:  BTFSC  03.2
0209:  GOTO   289
020A:  GOTO   200
020B:  BSF    5B.7
020C:  GOTO   236
020D:  BCF    5B.7
020E:  MOVF   56,W
020F:  MOVWF  5A
0210:  BTFSS  5A.7
0211:  GOTO   214
0212:  BSF    5F.7
0213:  GOTO   282
0214:  BCF    5F.7
0215:  GOTO   282
0216:  MOVF   56,W
0217:  MOVWF  5F
0218:  BSF    5F.7
0219:  MOVF   57,W
021A:  MOVWF  5E
021B:  MOVF   58,W
021C:  MOVWF  5D
021D:  BTFSS  5A.7
021E:  GOTO   223
021F:  BCF    5F.7
0220:  BSF    5B.2
0221:  GOTO   28E
0222:  BCF    5B.2
0223:  CLRF   5C
0224:  BCF    59.0
0225:  MOVLW  54
0226:  MOVWF  04
0227:  BCF    03.7
0228:  GOTO   2A3
0229:  BTFSC  5A.7
022A:  GOTO   24C
022B:  MOVF   52,W
022C:  MOVWF  5A
022D:  BTFSS  59.0
022E:  GOTO   236
022F:  RRF    5F,F
0230:  RRF    5E,F
0231:  RRF    5D,F
0232:  RRF    5C,F
0233:  INCF   77,F
0234:  BTFSC  03.2
0235:  GOTO   289
0236:  BTFSS  5C.7
0237:  GOTO   247
0238:  INCF   5D,F
0239:  BTFSS  03.2
023A:  GOTO   247
023B:  INCF   5E,F
023C:  BTFSS  03.2
023D:  GOTO   247
023E:  INCF   5F,F
023F:  BTFSS  03.2
0240:  GOTO   247
0241:  RRF    5F,F
0242:  RRF    5E,F
0243:  RRF    5D,F
0244:  INCF   77,F
0245:  BTFSC  03.2
0246:  GOTO   289
0247:  BTFSC  5B.6
0248:  GOTO   1CB
0249:  BTFSC  5B.7
024A:  GOTO   20D
024B:  GOTO   26B
024C:  MOVLW  80
024D:  XORWF  5F,F
024E:  BTFSS  5F.7
024F:  GOTO   254
0250:  GOTO   28E
0251:  MOVF   56,W
0252:  MOVWF  5A
0253:  GOTO   261
0254:  MOVF   52,W
0255:  MOVWF  5A
0256:  MOVF   5F,F
0257:  BTFSS  03.2
0258:  GOTO   261
0259:  MOVF   5E,F
025A:  BTFSS  03.2
025B:  GOTO   261
025C:  MOVF   5D,F
025D:  BTFSS  03.2
025E:  GOTO   261
025F:  CLRF   77
0260:  GOTO   282
0261:  BTFSC  5F.7
0262:  GOTO   26B
0263:  BCF    03.0
0264:  RLF    5C,F
0265:  RLF    5D,F
0266:  RLF    5E,F
0267:  RLF    5F,F
0268:  DECFSZ 77,F
0269:  GOTO   261
026A:  GOTO   289
026B:  BTFSS  5A.7
026C:  GOTO   26F
026D:  BSF    5F.7
026E:  GOTO   282
026F:  BCF    5F.7
0270:  GOTO   282
0271:  MOVF   55,W
0272:  MOVWF  77
0273:  MOVF   56,W
0274:  MOVWF  5F
0275:  MOVF   57,W
0276:  MOVWF  5E
0277:  MOVF   58,W
0278:  MOVWF  5D
0279:  GOTO   282
027A:  MOVF   51,W
027B:  MOVWF  77
027C:  MOVF   52,W
027D:  MOVWF  5F
027E:  MOVF   53,W
027F:  MOVWF  5E
0280:  MOVF   54,W
0281:  MOVWF  5D
0282:  MOVF   5F,W
0283:  MOVWF  78
0284:  MOVF   5E,W
0285:  MOVWF  79
0286:  MOVF   5D,W
0287:  MOVWF  7A
0288:  GOTO   2C1
0289:  CLRF   77
028A:  CLRF   78
028B:  CLRF   79
028C:  CLRF   7A
028D:  GOTO   2C1
028E:  CLRF   5C
028F:  COMF   5D,F
0290:  COMF   5E,F
0291:  COMF   5F,F
0292:  COMF   5C,F
0293:  INCF   5C,F
0294:  BTFSS  03.2
0295:  GOTO   29C
0296:  INCF   5D,F
0297:  BTFSS  03.2
0298:  GOTO   29C
0299:  INCF   5E,F
029A:  BTFSC  03.2
029B:  INCF   5F,F
029C:  BTFSC  5B.0
029D:  GOTO   1AA
029E:  BTFSC  5B.1
029F:  GOTO   1EC
02A0:  BTFSC  5B.2
02A1:  GOTO   222
02A2:  GOTO   251
02A3:  MOVF   00,W
02A4:  ADDWF  5D,F
02A5:  BTFSS  03.0
02A6:  GOTO   2AD
02A7:  INCF   5E,F
02A8:  BTFSS  03.2
02A9:  GOTO   2AD
02AA:  INCF   5F,F
02AB:  BTFSC  03.2
02AC:  BSF    59.0
02AD:  DECF   04,F
02AE:  MOVF   00,W
02AF:  ADDWF  5E,F
02B0:  BTFSS  03.0
02B1:  GOTO   2B5
02B2:  INCF   5F,F
02B3:  BTFSC  03.2
02B4:  BSF    59.0
02B5:  DECF   04,F
02B6:  MOVF   00,W
02B7:  BTFSS  00.7
02B8:  XORLW  80
02B9:  ADDWF  5F,F
02BA:  BTFSC  03.0
02BB:  BSF    59.0
02BC:  BTFSC  5B.4
02BD:  GOTO   1B1
02BE:  BTFSC  5B.5
02BF:  GOTO   1F3
02C0:  GOTO   229
02C1:  RETURN
02C2:  MOVF   51,W
02C3:  BTFSC  03.2
02C4:  GOTO   332
02C5:  MOVWF  59
02C6:  MOVF   55,W
02C7:  BTFSC  03.2
02C8:  GOTO   332
02C9:  ADDWF  59,F
02CA:  BTFSC  03.0
02CB:  GOTO   2D3
02CC:  MOVLW  7F
02CD:  SUBWF  59,F
02CE:  BTFSS  03.0
02CF:  GOTO   332
02D0:  BTFSC  03.2
02D1:  GOTO   332
02D2:  GOTO   2D7
02D3:  MOVLW  81
02D4:  ADDWF  59,F
02D5:  BTFSC  03.0
02D6:  GOTO   332
02D7:  MOVF   59,W
02D8:  MOVWF  77
02D9:  CLRF   78
02DA:  CLRF   79
02DB:  CLRF   7A
02DC:  MOVF   52,W
02DD:  MOVWF  5D
02DE:  BSF    5D.7
02DF:  MOVF   53,W
02E0:  MOVWF  5C
02E1:  MOVF   54,W
02E2:  MOVWF  5B
02E3:  MOVLW  18
02E4:  MOVWF  59
02E5:  CLRF   5A
02E6:  BTFSS  5B.0
02E7:  GOTO   300
02E8:  MOVF   58,W
02E9:  ADDWF  7A,F
02EA:  BTFSS  03.0
02EB:  GOTO   2F2
02EC:  INCF   79,F
02ED:  BTFSS  03.2
02EE:  GOTO   2F2
02EF:  INCF   78,F
02F0:  BTFSC  03.2
02F1:  BSF    5A.7
02F2:  MOVF   57,W
02F3:  ADDWF  79,F
02F4:  BTFSS  03.0
02F5:  GOTO   2F9
02F6:  INCF   78,F
02F7:  BTFSC  03.2
02F8:  BSF    5A.7
02F9:  MOVF   56,W
02FA:  MOVWF  53
02FB:  BSF    53.7
02FC:  MOVF   53,W
02FD:  ADDWF  78,F
02FE:  BTFSC  03.0
02FF:  BSF    5A.7
0300:  RLF    5A,F
0301:  RRF    78,F
0302:  RRF    79,F
0303:  RRF    7A,F
0304:  RRF    5D,F
0305:  RRF    5C,F
0306:  RRF    5B,F
0307:  BCF    03.0
0308:  DECFSZ 59,F
0309:  GOTO   2E5
030A:  MOVLW  01
030B:  ADDWF  77,F
030C:  BTFSC  03.0
030D:  GOTO   332
030E:  BTFSC  78.7
030F:  GOTO   317
0310:  RLF    5D,F
0311:  RLF    7A,F
0312:  RLF    79,F
0313:  RLF    78,F
0314:  DECF   77,F
0315:  BTFSC  03.2
0316:  GOTO   332
0317:  BTFSS  5D.7
0318:  GOTO   328
0319:  INCF   7A,F
031A:  BTFSS  03.2
031B:  GOTO   328
031C:  INCF   79,F
031D:  BTFSS  03.2
031E:  GOTO   328
031F:  INCF   78,F
0320:  BTFSS  03.2
0321:  GOTO   328
0322:  RRF    78,F
0323:  RRF    79,F
0324:  RRF    7A,F
0325:  INCF   77,F
0326:  BTFSC  03.2
0327:  GOTO   332
0328:  MOVF   52,W
0329:  MOVWF  5A
032A:  MOVF   56,W
032B:  XORWF  5A,F
032C:  BTFSS  5A.7
032D:  GOTO   330
032E:  BSF    78.7
032F:  GOTO   336
0330:  BCF    78.7
0331:  GOTO   336
0332:  CLRF   77
0333:  CLRF   78
0334:  CLRF   79
0335:  CLRF   7A
0336:  RETURN
0337:  MOVF   51,W
0338:  BTFSC  03.2
0339:  GOTO   3FC
033A:  MOVWF  5D
033B:  MOVF   55,W
033C:  BTFSC  03.2
033D:  GOTO   3FC
033E:  SUBWF  5D,F
033F:  BTFSS  03.0
0340:  GOTO   346
0341:  MOVLW  7F
0342:  ADDWF  5D,F
0343:  BTFSC  03.0
0344:  GOTO   3FC
0345:  GOTO   34C
0346:  MOVLW  81
0347:  SUBWF  5D,F
0348:  BTFSS  03.0
0349:  GOTO   3FC
034A:  BTFSC  03.2
034B:  GOTO   3FC
034C:  MOVF   5D,W
034D:  MOVWF  77
034E:  CLRF   78
034F:  CLRF   79
0350:  CLRF   7A
0351:  CLRF   5C
0352:  MOVF   52,W
0353:  MOVWF  5B
0354:  BSF    5B.7
0355:  MOVF   53,W
0356:  MOVWF  5A
0357:  MOVF   54,W
0358:  MOVWF  59
0359:  MOVLW  19
035A:  MOVWF  5D
035B:  MOVF   58,W
035C:  SUBWF  59,F
035D:  BTFSC  03.0
035E:  GOTO   36F
035F:  MOVLW  01
0360:  SUBWF  5A,F
0361:  BTFSC  03.0
0362:  GOTO   36F
0363:  SUBWF  5B,F
0364:  BTFSC  03.0
0365:  GOTO   36F
0366:  SUBWF  5C,F
0367:  BTFSC  03.0
0368:  GOTO   36F
0369:  INCF   5C,F
036A:  INCF   5B,F
036B:  INCF   5A,F
036C:  MOVF   58,W
036D:  ADDWF  59,F
036E:  GOTO   3A1
036F:  MOVF   57,W
0370:  SUBWF  5A,F
0371:  BTFSC  03.0
0372:  GOTO   38A
0373:  MOVLW  01
0374:  SUBWF  5B,F
0375:  BTFSC  03.0
0376:  GOTO   38A
0377:  SUBWF  5C,F
0378:  BTFSC  03.0
0379:  GOTO   38A
037A:  INCF   5C,F
037B:  INCF   5B,F
037C:  MOVF   57,W
037D:  ADDWF  5A,F
037E:  MOVF   58,W
037F:  ADDWF  59,F
0380:  BTFSS  03.0
0381:  GOTO   3A1
0382:  INCF   5A,F
0383:  BTFSS  03.2
0384:  GOTO   3A1
0385:  INCF   5B,F
0386:  BTFSS  03.2
0387:  GOTO   3A1
0388:  INCF   5C,F
0389:  GOTO   3A1
038A:  MOVF   56,W
038B:  IORLW  80
038C:  SUBWF  5B,F
038D:  BTFSC  03.0
038E:  GOTO   3A0
038F:  MOVLW  01
0390:  SUBWF  5C,F
0391:  BTFSC  03.0
0392:  GOTO   3A0
0393:  INCF   5C,F
0394:  MOVF   56,W
0395:  IORLW  80
0396:  ADDWF  5B,F
0397:  MOVF   57,W
0398:  ADDWF  5A,F
0399:  BTFSS  03.0
039A:  GOTO   37E
039B:  INCF   5B,F
039C:  BTFSS  03.2
039D:  GOTO   37E
039E:  INCF   5C,F
039F:  GOTO   37E
03A0:  BSF    7A.0
03A1:  DECFSZ 5D,F
03A2:  GOTO   3A4
03A3:  GOTO   3AF
03A4:  BCF    03.0
03A5:  RLF    59,F
03A6:  RLF    5A,F
03A7:  RLF    5B,F
03A8:  RLF    5C,F
03A9:  BCF    03.0
03AA:  RLF    7A,F
03AB:  RLF    79,F
03AC:  RLF    78,F
03AD:  RLF    5E,F
03AE:  GOTO   35B
03AF:  BTFSS  5E.0
03B0:  GOTO   3B7
03B1:  BCF    03.0
03B2:  RRF    78,F
03B3:  RRF    79,F
03B4:  RRF    7A,F
03B5:  RRF    5E,F
03B6:  GOTO   3BA
03B7:  DECF   77,F
03B8:  BTFSC  03.2
03B9:  GOTO   3FC
03BA:  BTFSC  5E.7
03BB:  GOTO   3E3
03BC:  BCF    03.0
03BD:  RLF    59,F
03BE:  RLF    5A,F
03BF:  RLF    5B,F
03C0:  RLF    5C,F
03C1:  MOVF   58,W
03C2:  SUBWF  59,F
03C3:  BTFSC  03.0
03C4:  GOTO   3CF
03C5:  MOVLW  01
03C6:  SUBWF  5A,F
03C7:  BTFSC  03.0
03C8:  GOTO   3CF
03C9:  SUBWF  5B,F
03CA:  BTFSC  03.0
03CB:  GOTO   3CF
03CC:  SUBWF  5C,F
03CD:  BTFSS  03.0
03CE:  GOTO   3F2
03CF:  MOVF   57,W
03D0:  SUBWF  5A,F
03D1:  BTFSC  03.0
03D2:  GOTO   3DA
03D3:  MOVLW  01
03D4:  SUBWF  5B,F
03D5:  BTFSC  03.0
03D6:  GOTO   3DA
03D7:  SUBWF  5C,F
03D8:  BTFSS  03.0
03D9:  GOTO   3F2
03DA:  MOVF   56,W
03DB:  IORLW  80
03DC:  SUBWF  5B,F
03DD:  BTFSC  03.0
03DE:  GOTO   3E3
03DF:  MOVLW  01
03E0:  SUBWF  5C,F
03E1:  BTFSS  03.0
03E2:  GOTO   3F2
03E3:  INCF   7A,F
03E4:  BTFSS  03.2
03E5:  GOTO   3F2
03E6:  INCF   79,F
03E7:  BTFSS  03.2
03E8:  GOTO   3F2
03E9:  INCF   78,F
03EA:  BTFSS  03.2
03EB:  GOTO   3F2
03EC:  INCF   77,F
03ED:  BTFSC  03.2
03EE:  GOTO   3FC
03EF:  RRF    78,F
03F0:  RRF    79,F
03F1:  RRF    7A,F
03F2:  MOVF   52,W
03F3:  MOVWF  5D
03F4:  MOVF   56,W
03F5:  XORWF  5D,F
03F6:  BTFSS  5D.7
03F7:  GOTO   3FA
03F8:  BSF    78.7
03F9:  GOTO   400
03FA:  BCF    78.7
03FB:  GOTO   400
03FC:  CLRF   77
03FD:  CLRF   78
03FE:  CLRF   79
03FF:  CLRF   7A
0400:  RETURN
*
0486:  MOVLW  8E
0487:  MOVWF  77
0488:  MOVF   39,W
0489:  SUBWF  77,F
048A:  MOVF   3A,W
048B:  MOVWF  79
048C:  MOVF   3B,W
048D:  MOVWF  78
048E:  BSF    79.7
048F:  MOVF   77,F
0490:  BTFSC  03.2
0491:  GOTO   49D
0492:  BCF    03.0
0493:  MOVF   79,F
0494:  BTFSS  03.2
0495:  GOTO   499
0496:  MOVF   78,F
0497:  BTFSC  03.2
0498:  GOTO   49D
0499:  RRF    79,F
049A:  RRF    78,F
049B:  DECFSZ 77,F
049C:  GOTO   492
049D:  BTFSS  3A.7
049E:  GOTO   4A4
049F:  COMF   78,F
04A0:  COMF   79,F
04A1:  INCF   78,F
04A2:  BTFSC  03.2
04A3:  INCF   79,F
04A4:  BCF    0A.3
04A5:  BCF    0A.4
04A6:  GOTO   6F3 (RETURN)
04A7:  MOVF   0B,W
04A8:  MOVWF  3A
04A9:  BCF    0B.7
04AA:  BSF    03.5
04AB:  BSF    03.6
04AC:  BSF    0C.7
04AD:  BSF    0C.0
04AE:  NOP
04AF:  NOP
04B0:  BCF    03.5
04B1:  BCF    03.6
04B2:  BTFSC  3A.7
04B3:  BSF    0B.7
04B4:  BTFSC  03.0
04B5:  GOTO   4DE
04B6:  BSF    03.6
04B7:  MOVF   0C,W
04B8:  ANDLW  7F
04B9:  BCF    03.6
04BA:  MOVWF  3A
04BB:  BSF    03.6
04BC:  MOVF   0D,W
04BD:  BCF    03.6
04BE:  MOVWF  3B
04BF:  BSF    03.6
04C0:  MOVF   0F,W
04C1:  BCF    03.6
04C2:  MOVWF  3C
04C3:  MOVF   3A,W
04C4:  MOVWF  46
04C5:  CALL   0E0
04C6:  MOVF   3B,W
04C7:  BSF    03.6
04C8:  MOVWF  0D
04C9:  BCF    03.6
04CA:  MOVF   3C,W
04CB:  BSF    03.6
04CC:  MOVWF  0F
04CD:  BCF    03.6
04CE:  MOVF   0B,W
04CF:  MOVWF  3D
04D0:  BCF    0B.7
04D1:  BSF    03.5
04D2:  BSF    03.6
04D3:  BSF    0C.7
04D4:  BSF    0C.0
04D5:  NOP
04D6:  NOP
04D7:  BCF    03.5
04D8:  BCF    03.6
04D9:  BTFSC  3D.7
04DA:  BSF    0B.7
04DB:  DECFSZ 39,F
04DC:  GOTO   4DE
04DD:  GOTO   4FD
04DE:  BSF    03.6
04DF:  RLF    0C,W
04E0:  RLF    0E,W
04E1:  ANDLW  7F
04E2:  BCF    03.6
04E3:  MOVWF  3A
04E4:  BSF    03.6
04E5:  MOVF   0D,W
04E6:  BCF    03.6
04E7:  MOVWF  3B
04E8:  BSF    03.6
04E9:  MOVF   0F,W
04EA:  BCF    03.6
04EB:  MOVWF  3C
04EC:  MOVF   3A,W
04ED:  MOVWF  46
04EE:  CALL   0E0
04EF:  MOVF   3B,W
04F0:  BSF    03.6
04F1:  MOVWF  0D
04F2:  BCF    03.6
04F3:  MOVF   3C,W
04F4:  BSF    03.6
04F5:  MOVWF  0F
04F6:  INCF   0D,F
04F7:  BTFSC  03.2
04F8:  INCF   0F,F
04F9:  BCF    03.0
04FA:  BCF    03.6
04FB:  DECFSZ 39,F
04FC:  GOTO   4A7
04FD:  RETURN
04FE:  BTFSC  03.1
04FF:  GOTO   503
0500:  MOVLW  4E
0501:  MOVWF  04
0502:  BCF    03.7
0503:  CLRF   77
0504:  CLRF   78
0505:  CLRF   79
0506:  CLRF   7A
0507:  CLRF   4E
0508:  CLRF   4F
0509:  CLRF   50
050A:  CLRF   51
050B:  MOVF   4D,W
050C:  IORWF  4C,W
050D:  IORWF  4B,W
050E:  IORWF  4A,W
050F:  BTFSC  03.2
0510:  GOTO   541
0511:  MOVLW  20
0512:  MOVWF  52
0513:  BCF    03.0
0514:  RLF    46,F
0515:  RLF    47,F
0516:  RLF    48,F
0517:  RLF    49,F
0518:  RLF    4E,F
0519:  RLF    4F,F
051A:  RLF    50,F
051B:  RLF    51,F
051C:  MOVF   4D,W
051D:  SUBWF  51,W
051E:  BTFSS  03.2
051F:  GOTO   52A
0520:  MOVF   4C,W
0521:  SUBWF  50,W
0522:  BTFSS  03.2
0523:  GOTO   52A
0524:  MOVF   4B,W
0525:  SUBWF  4F,W
0526:  BTFSS  03.2
0527:  GOTO   52A
0528:  MOVF   4A,W
0529:  SUBWF  4E,W
052A:  BTFSS  03.0
052B:  GOTO   53B
052C:  MOVF   4A,W
052D:  SUBWF  4E,F
052E:  MOVF   4B,W
052F:  BTFSS  03.0
0530:  INCFSZ 4B,W
0531:  SUBWF  4F,F
0532:  MOVF   4C,W
0533:  BTFSS  03.0
0534:  INCFSZ 4C,W
0535:  SUBWF  50,F
0536:  MOVF   4D,W
0537:  BTFSS  03.0
0538:  INCFSZ 4D,W
0539:  SUBWF  51,F
053A:  BSF    03.0
053B:  RLF    77,F
053C:  RLF    78,F
053D:  RLF    79,F
053E:  RLF    7A,F
053F:  DECFSZ 52,F
0540:  GOTO   513
0541:  MOVF   4E,W
0542:  MOVWF  00
0543:  INCF   04,F
0544:  MOVF   4F,W
0545:  MOVWF  00
0546:  INCF   04,F
0547:  MOVF   50,W
0548:  MOVWF  00
0549:  INCF   04,F
054A:  MOVF   51,W
054B:  MOVWF  00
054C:  RETURN
054D:  MOVF   04,W
054E:  MOVWF  3E
054F:  MOVF   3D,W
0550:  MOVWF  40
0551:  BTFSC  03.2
0552:  GOTO   56C
0553:  MOVF   3C,W
0554:  MOVWF  54
0555:  MOVF   3B,W
0556:  MOVWF  53
0557:  MOVF   3A,W
0558:  MOVWF  52
0559:  MOVF   39,W
055A:  MOVWF  51
055B:  CLRF   58
055C:  CLRF   57
055D:  MOVLW  20
055E:  MOVWF  56
055F:  MOVLW  82
0560:  MOVWF  55
0561:  CALL   2C2
0562:  MOVF   7A,W
0563:  MOVWF  3C
0564:  MOVF   79,W
0565:  MOVWF  3B
0566:  MOVF   78,W
0567:  MOVWF  3A
0568:  MOVF   77,W
0569:  MOVWF  39
056A:  DECFSZ 40,F
056B:  GOTO   553
056C:  MOVF   3C,W
056D:  MOVWF  49
056E:  MOVF   3B,W
056F:  MOVWF  48
0570:  MOVF   3A,W
0571:  MOVWF  47
0572:  MOVF   39,W
0573:  MOVWF  46
0574:  MOVF   46,W
0575:  SUBLW  B6
0576:  MOVWF  46
0577:  CLRF   7A
0578:  MOVF   47,W
0579:  MOVWF  4A
057A:  BSF    47.7
057B:  BCF    03.0
057C:  RRF    47,F
057D:  RRF    48,F
057E:  RRF    49,F
057F:  RRF    7A,F
0580:  RRF    79,F
0581:  RRF    78,F
0582:  RRF    77,F
0583:  DECFSZ 46,F
0584:  GOTO   57B
0585:  BTFSS  4A.7
0586:  GOTO   592
0587:  COMF   77,F
0588:  COMF   78,F
0589:  COMF   79,F
058A:  COMF   7A,F
058B:  INCF   77,F
058C:  BTFSC  03.2
058D:  INCF   78,F
058E:  BTFSC  03.2
058F:  INCF   79,F
0590:  BTFSC  03.2
0591:  INCF   7A,F
0592:  MOVF   7A,W
0593:  MOVWF  3C
0594:  MOVF   79,W
0595:  MOVWF  3B
0596:  MOVF   78,W
0597:  MOVWF  3A
0598:  MOVF   77,W
0599:  MOVWF  39
059A:  BTFSS  3C.7
059B:  GOTO   5A9
059C:  DECF   3E,F
059D:  BSF    3E.5
059E:  COMF   39,F
059F:  COMF   3A,F
05A0:  COMF   3B,F
05A1:  COMF   3C,F
05A2:  INCF   39,F
05A3:  BTFSC  03.2
05A4:  INCF   3A,F
05A5:  BTFSC  03.2
05A6:  INCF   3B,F
05A7:  BTFSC  03.2
05A8:  INCF   3C,F
05A9:  MOVLW  3B
05AA:  MOVWF  45
05AB:  MOVLW  9A
05AC:  MOVWF  44
05AD:  MOVLW  CA
05AE:  MOVWF  43
05AF:  CLRF   42
05B0:  MOVLW  0A
05B1:  MOVWF  40
05B2:  MOVF   3D,W
05B3:  BTFSC  03.2
05B4:  INCF   3E,F
05B5:  BSF    03.1
05B6:  MOVLW  39
05B7:  MOVWF  04
05B8:  BCF    03.7
05B9:  MOVF   3C,W
05BA:  MOVWF  49
05BB:  MOVF   3B,W
05BC:  MOVWF  48
05BD:  MOVF   3A,W
05BE:  MOVWF  47
05BF:  MOVF   39,W
05C0:  MOVWF  46
05C1:  MOVF   45,W
05C2:  MOVWF  4D
05C3:  MOVF   44,W
05C4:  MOVWF  4C
05C5:  MOVF   43,W
05C6:  MOVWF  4B
05C7:  MOVF   42,W
05C8:  MOVWF  4A
05C9:  CALL   4FE
05CA:  MOVF   78,W
05CB:  MOVF   77,F
05CC:  BTFSS  03.2
05CD:  GOTO   5E1
05CE:  INCF   3D,W
05CF:  SUBWF  40,W
05D0:  BTFSC  03.2
05D1:  GOTO   5E1
05D2:  MOVF   3E,W
05D3:  BTFSC  03.2
05D4:  GOTO   5E3
05D5:  ANDLW  0F
05D6:  SUBWF  40,W
05D7:  BTFSC  03.2
05D8:  GOTO   5DB
05D9:  BTFSC  03.0
05DA:  GOTO   613
05DB:  BTFSC  3E.7
05DC:  GOTO   613
05DD:  BTFSC  3E.6
05DE:  GOTO   5E3
05DF:  MOVLW  20
05E0:  GOTO   60F
05E1:  MOVLW  20
05E2:  ANDWF  3E,F
05E3:  BTFSS  3E.5
05E4:  GOTO   5F1
05E5:  BCF    3E.5
05E6:  MOVF   3D,W
05E7:  BTFSS  03.2
05E8:  DECF   3E,F
05E9:  MOVF   77,W
05EA:  MOVWF  3E
05EB:  MOVLW  2D
05EC:  MOVWF  46
05ED:  CALL   0E0
05EE:  MOVF   3E,W
05EF:  MOVWF  77
05F0:  CLRF   3E
05F1:  MOVF   3D,W
05F2:  SUBWF  40,W
05F3:  BTFSS  03.2
05F4:  GOTO   5FF
05F5:  MOVF   77,W
05F6:  MOVWF  3E
05F7:  MOVLW  2E
05F8:  MOVWF  46
05F9:  CALL   0E0
05FA:  MOVF   3E,W
05FB:  MOVWF  77
05FC:  MOVLW  20
05FD:  ANDWF  3E,F
05FE:  MOVLW  00
05FF:  MOVLW  30
0600:  BTFSS  3E.5
0601:  GOTO   60F
0602:  BCF    3E.5
0603:  MOVF   3D,W
0604:  BTFSS  03.2
0605:  DECF   3E,F
0606:  MOVF   77,W
0607:  MOVWF  3E
0608:  MOVLW  2D
0609:  MOVWF  46
060A:  CALL   0E0
060B:  MOVF   3E,W
060C:  MOVWF  77
060D:  CLRF   3E
060E:  MOVLW  30
060F:  ADDWF  77,F
0610:  MOVF   77,W
0611:  MOVWF  46
0612:  CALL   0E0
0613:  BCF    03.1
0614:  MOVF   45,W
0615:  MOVWF  49
0616:  MOVF   44,W
0617:  MOVWF  48
0618:  MOVF   43,W
0619:  MOVWF  47
061A:  MOVF   42,W
061B:  MOVWF  46
061C:  CLRF   4D
061D:  CLRF   4C
061E:  CLRF   4B
061F:  MOVLW  0A
0620:  MOVWF  4A
0621:  CALL   4FE
0622:  MOVF   7A,W
0623:  MOVWF  45
0624:  MOVF   79,W
0625:  MOVWF  44
0626:  MOVF   78,W
0627:  MOVWF  43
0628:  MOVF   77,W
0629:  MOVWF  42
062A:  DECFSZ 40,F
062B:  GOTO   5B5
062C:  RETURN
....................  
.................... #list 
....................  
.................... #device ADC = 10 
.................... #use delay(clock=4000000, crystal) 
*
0029:  MOVLW  47
002A:  MOVWF  04
002B:  BCF    03.7
002C:  MOVF   00,W
002D:  BTFSC  03.2
002E:  GOTO   03D
002F:  MOVLW  01
0030:  MOVWF  78
0031:  CLRF   77
0032:  DECFSZ 77,F
0033:  GOTO   032
0034:  DECFSZ 78,F
0035:  GOTO   031
0036:  MOVLW  4A
0037:  MOVWF  77
0038:  DECFSZ 77,F
0039:  GOTO   038
003A:  GOTO   03B
003B:  DECFSZ 00,F
003C:  GOTO   02F
003D:  RETURN
.................... #fuses XT, NOWDT, NOPROTECT 
.................... #include <LCD.c> 
.................... /////////////////////////////////////////////////////////////////////////////// 
.................... ////                             LCD.C                                     //// 
.................... ////                 Driver for common LCD modules                         //// 
.................... ////                                                                       //// 
.................... ////  lcd_init()   Must be called before any other function.               //// 
.................... ////                                                                       //// 
.................... ////  lcd_putc(c)  Will display c on the next position of the LCD.         //// 
.................... ////                 \a  Set cursor position to upper left                 //// 
.................... ////                 \f  Clear display, set cursor to upper left           //// 
.................... ////                 \n  Go to start of second line                        //// 
.................... ////                 \b  Move back one position                            //// 
.................... ////              If LCD_EXTENDED_NEWLINE is defined, the \n character     //// 
.................... ////              will erase all remanining characters on the current      //// 
.................... ////              line, and move the cursor to the beginning of the next   //// 
.................... ////              line.                                                    //// 
.................... ////              If LCD_EXTENDED_NEWLINE is defined, the \r character     //// 
.................... ////              will move the cursor to the start of the current         //// 
.................... ////              line.                                                    //// 
.................... ////                                                                       //// 
.................... ////  lcd_gotoxy(x,y) Set write position on LCD (upper left is 1,1)        //// 
.................... ////                                                                       //// 
.................... ////  lcd_getc(x,y)   Returns character at position x,y on LCD             //// 
.................... ////                                                                       //// 
.................... ////  lcd_cursor_on(int1 on)   Turn the cursor on (on=TRUE) or off         //// 
.................... ////              (on=FALSE).                                              //// 
.................... ////                                                                       //// 
.................... ////  lcd_set_cgram_char(w, *p)   Write a custom character to the CGRAM.   //// 
.................... ////                                                                       //// 
.................... ////                                                                       //// 
.................... ////  CONFIGURATION                                                        //// 
.................... ////  The LCD can be configured in one of two ways: a.) port access or     //// 
.................... ////  b.) pin access.  Port access requires the entire 7 bit interface     //// 
.................... ////  connected to one GPIO port, and the data bits (D4:D7 of the LCD)     //// 
.................... ////  connected to sequential pins on the GPIO.  Pin access                //// 
.................... ////  has no requirements, all 7 bits of the control interface can         //// 
.................... ////  can be connected to any GPIO using several ports.                    //// 
.................... ////                                                                       //// 
.................... ////  To use port access, #define LCD_DATA_PORT to the SFR location of     //// 
.................... ////  of the GPIO port that holds the interface, -AND- edit LCD_PIN_MAP    //// 
.................... ////  of this file to configure the pin order.  If you are using a         //// 
.................... ////  baseline PIC (PCB), then LCD_OUTPUT_MAP and LCD_INPUT_MAP also must  //// 
.................... ////  be defined.                                                          //// 
.................... ////                                                                       //// 
.................... ////  Example of port access:                                              //// 
.................... ////     #define LCD_DATA_PORT getenv("SFR:PORTD")                         //// 
.................... ////                                                                       //// 
.................... ////  To use pin access, the following pins must be defined:               //// 
.................... ////     LCD_ENABLE_PIN                                                    //// 
.................... ////     LCD_RS_PIN                                                        //// 
.................... ////     LCD_RW_PIN                                                        //// 
.................... ////     LCD_DATA4                                                         //// 
.................... ////     LCD_DATA5                                                         //// 
.................... ////     LCD_DATA6                                                         //// 
.................... ////     LCD_DATA7                                                         //// 
.................... ////                                                                       //// 
.................... ////  Example of pin access:                                               //// 
.................... ////     #define LCD_ENABLE_PIN  PIN_E0                                    //// 
.................... ////     #define LCD_RS_PIN      PIN_E1                                    //// 
.................... ////     #define LCD_RW_PIN      PIN_E2                                    //// 
.................... ////     #define LCD_DATA4       PIN_D4                                    //// 
.................... ////     #define LCD_DATA5       PIN_D5                                    //// 
.................... ////     #define LCD_DATA6       PIN_D6                                    //// 
.................... ////     #define LCD_DATA7       PIN_D7                                    //// 
.................... ////                                                                       //// 
.................... /////////////////////////////////////////////////////////////////////////////// 
.................... ////        (C) Copyright 1996,2010 Custom Computer Services           //// 
.................... //// This source code may only be used by licensed users of the CCS C  //// 
.................... //// compiler.  This source code may only be distributed to other      //// 
.................... //// licensed users of the CCS C compiler.  No other use, reproduction //// 
.................... //// or distribution is permitted without written permission.          //// 
.................... //// Derivative programs created using this software in object code    //// 
.................... //// form are not restricted in any way.                               //// 
.................... /////////////////////////////////////////////////////////////////////////// 
....................  
.................... #ifndef __LCD_C__ 
.................... #define __LCD_C__ 
....................  
.................... // define the pinout. 
.................... // only required if port access is being used. 
.................... typedef struct   
.................... {                            // This structure is overlayed 
....................    int1 enable;           // on to an I/O port to gain 
....................    int1 rs;               // access to the LCD pins. 
....................    int1 rw;               // The bits are allocated from 
....................    int1 unused;           // low order up.  ENABLE will 
....................    unsigned int     data : 4;         // be LSB pin of that port. 
....................   #if defined(__PCD__)       // The port used will be LCD_DATA_PORT. 
....................    unsigned int    reserved: 8; 
....................   #endif 
.................... } LCD_PIN_MAP; 
....................  
.................... // this is to improve compatability with previous LCD drivers that accepted 
.................... // a define labeled 'use_portb_lcd' that configured the LCD onto port B. 
.................... #if ((defined(use_portb_lcd)) && (use_portb_lcd==TRUE)) 
....................  #define LCD_DATA_PORT getenv("SFR:PORTB") 
.................... #endif 
....................  
.................... #if defined(__PCB__) 
....................    // these definitions only need to be modified for baseline PICs. 
....................    // all other PICs use LCD_PIN_MAP or individual LCD_xxx pin definitions. 
.................... /*                                    EN, RS,   RW,   UNUSED,  DATA  */ 
....................  const LCD_PIN_MAP LCD_OUTPUT_MAP =  {0,  0,    0,    0,       0}; 
....................  const LCD_PIN_MAP LCD_INPUT_MAP =   {0,  0,    0,    0,       0xF}; 
.................... #endif 
....................  
.................... ////////////////////// END CONFIGURATION /////////////////////////////////// 
....................  
.................... #ifndef LCD_ENABLE_PIN 
....................    #define lcd_output_enable(x) lcdlat.enable=x 
....................    #define lcd_enable_tris()   lcdtris.enable=0 
.................... #else 
....................    #define lcd_output_enable(x) output_bit(LCD_ENABLE_PIN, x) 
....................    #define lcd_enable_tris()  output_drive(LCD_ENABLE_PIN) 
.................... #endif 
....................  
.................... #ifndef LCD_RS_PIN 
....................    #define lcd_output_rs(x) lcdlat.rs=x 
....................    #define lcd_rs_tris()   lcdtris.rs=0 
.................... #else 
....................    #define lcd_output_rs(x) output_bit(LCD_RS_PIN, x) 
....................    #define lcd_rs_tris()  output_drive(LCD_RS_PIN) 
.................... #endif 
....................  
.................... #ifndef LCD_RW_PIN 
....................    #define lcd_output_rw(x) lcdlat.rw=x 
....................    #define lcd_rw_tris()   lcdtris.rw=0 
.................... #else 
....................    #define lcd_output_rw(x) output_bit(LCD_RW_PIN, x) 
....................    #define lcd_rw_tris()  output_drive(LCD_RW_PIN) 
.................... #endif 
....................  
.................... // original version of this library incorrectly labeled LCD_DATA0 as LCD_DATA4, 
.................... // LCD_DATA1 as LCD_DATA5, and so on.  this block of code makes the driver 
.................... // compatible with any code written for the original library 
.................... #if (defined(LCD_DATA0) && defined(LCD_DATA1) && defined(LCD_DATA2) && defined(LCD_DATA3) && !defined(LCD_DATA4) && !defined(LCD_DATA5) && !defined(LCD_DATA6) && !defined(LCD_DATA7)) 
....................    #define  LCD_DATA4    LCD_DATA0 
....................    #define  LCD_DATA5    LCD_DATA1 
....................    #define  LCD_DATA6    LCD_DATA2 
....................    #define  LCD_DATA7    LCD_DATA3 
.................... #endif 
....................  
.................... #ifndef LCD_DATA4 
.................... #ifndef LCD_DATA_PORT 
....................    #if defined(__PCB__) 
....................       #define LCD_DATA_PORT      0x06     //portb 
....................       #define set_tris_lcd(x)   set_tris_b(x) 
....................    #else 
....................      #if defined(PIN_D0) 
....................       #define LCD_DATA_PORT      getenv("SFR:PORTD")     //portd 
....................      #else 
....................       #define LCD_DATA_PORT      getenv("SFR:PORTB")     //portb 
....................      #endif 
....................    #endif    
.................... #endif 
....................  
.................... #if defined(__PCB__) 
....................    LCD_PIN_MAP lcd, lcdlat; 
....................    #byte lcd = LCD_DATA_PORT 
....................    #byte lcdlat = LCD_DATA_PORT 
.................... #elif defined(__PCM__) 
....................    LCD_PIN_MAP lcd, lcdlat, lcdtris; 
....................    #byte lcd = LCD_DATA_PORT 
....................    #byte lcdlat = LCD_DATA_PORT 
....................    #byte lcdtris = LCD_DATA_PORT+0x80 
.................... #elif defined(__PCH__) 
....................    LCD_PIN_MAP lcd, lcdlat, lcdtris; 
....................    #byte lcd = LCD_DATA_PORT 
....................    #byte lcdlat = LCD_DATA_PORT+9 
....................    #byte lcdtris = LCD_DATA_PORT+0x12 
.................... #elif defined(__PCD__) 
....................    LCD_PIN_MAP lcd, lcdlat, lcdtris; 
....................    #word lcd = LCD_DATA_PORT 
....................    #word lcdlat = LCD_DATA_PORT+2 
....................    #word lcdtris = LCD_DATA_PORT-0x02 
.................... #endif 
.................... #endif   //LCD_DATA4 not defined 
....................  
.................... #ifndef LCD_TYPE 
....................    #define LCD_TYPE 2           // 0=5x7, 1=5x10, 2=2 lines 
.................... #endif 
....................  
.................... #ifndef LCD_LINE_TWO 
....................    #define LCD_LINE_TWO 0x40    // LCD RAM address for the second line 
.................... #endif 
....................  
.................... #ifndef LCD_LINE_LENGTH 
....................    #define LCD_LINE_LENGTH 20 
.................... #endif 
....................  
.................... unsigned int8 lcd_read_nibble(void); 
....................  
.................... unsigned int8 lcd_read_byte(void) 
.................... { 
....................    unsigned int8 low,high; 
....................  
....................  #if defined(__PCB__) 
....................    set_tris_lcd(LCD_INPUT_MAP); 
....................  #else 
....................   #if (defined(LCD_DATA4) && defined(LCD_DATA5) && defined(LCD_DATA6) && defined(LCD_DATA7)) 
....................    output_float(LCD_DATA4); 
....................    output_float(LCD_DATA5); 
....................    output_float(LCD_DATA6); 
....................    output_float(LCD_DATA7); 
....................   #else 
....................    lcdtris.data = 0xF; 
*
0056:  MOVLW  0F
0057:  BSF    03.5
0058:  ANDWF  08,W
0059:  IORLW  F0
005A:  MOVWF  08
....................   #endif 
....................  #endif 
....................          
....................    lcd_output_rw(1); 
005B:  BCF    03.5
005C:  BSF    08.2
....................    delay_cycles(1); 
005D:  NOP
....................    lcd_output_enable(1); 
005E:  BSF    08.0
....................    delay_cycles(1); 
005F:  NOP
....................    high = lcd_read_nibble(); 
0060:  CALL   04A
0061:  MOVF   78,W
0062:  MOVWF  4E
....................        
....................    lcd_output_enable(0); 
0063:  BCF    08.0
....................    delay_cycles(1); 
0064:  NOP
....................    lcd_output_enable(1); 
0065:  BSF    08.0
....................    delay_us(1); 
0066:  NOP
....................    low = lcd_read_nibble(); 
0067:  CALL   04A
0068:  MOVF   78,W
0069:  MOVWF  4D
....................        
....................    lcd_output_enable(0); 
006A:  BCF    08.0
....................  
....................  #if defined(__PCB__) 
....................    set_tris_lcd(LCD_OUTPUT_MAP); 
....................  #else 
....................   #if (defined(LCD_DATA4) && defined(LCD_DATA5) && defined(LCD_DATA6) && defined(LCD_DATA7)) 
....................    output_drive(LCD_DATA4); 
....................    output_drive(LCD_DATA5); 
....................    output_drive(LCD_DATA6); 
....................    output_drive(LCD_DATA7); 
....................   #else 
....................    lcdtris.data = 0x0; 
006B:  MOVLW  0F
006C:  BSF    03.5
006D:  ANDWF  08,W
006E:  MOVWF  08
....................   #endif 
....................  #endif 
....................  
....................    return( (high<<4) | low); 
006F:  BCF    03.5
0070:  SWAPF  4E,W
0071:  MOVWF  77
0072:  MOVLW  F0
0073:  ANDWF  77,F
0074:  MOVF   77,W
0075:  IORWF  4D,W
0076:  MOVWF  78
.................... } 
....................  
.................... unsigned int8 lcd_read_nibble(void) 
.................... { 
....................   #if (defined(LCD_DATA4) && defined(LCD_DATA5) && defined(LCD_DATA6) && defined(LCD_DATA7)) 
....................    unsigned int8 n = 0x00; 
....................  
....................    /* Read the data port */ 
....................    n |= input(LCD_DATA4); 
....................    n |= input(LCD_DATA5) << 1; 
....................    n |= input(LCD_DATA6) << 2; 
....................    n |= input(LCD_DATA7) << 3; 
....................     
....................    return(n); 
....................   #else 
....................    return(lcd.data); 
*
004A:  MOVF   08,W
004B:  MOVWF  77
004C:  SWAPF  08,W
004D:  ANDLW  0F
004E:  MOVWF  78
....................   #endif 
004F:  RETURN
.................... } 
....................  
.................... void lcd_send_nibble(unsigned int8 n) 
.................... { 
....................   #if (defined(LCD_DATA4) && defined(LCD_DATA5) && defined(LCD_DATA6) && defined(LCD_DATA7)) 
....................    /* Write to the data port */ 
....................    output_bit(LCD_DATA4, bit_test(n, 0)); 
....................    output_bit(LCD_DATA5, bit_test(n, 1)); 
....................    output_bit(LCD_DATA6, bit_test(n, 2)); 
....................    output_bit(LCD_DATA7, bit_test(n, 3)); 
....................   #else       
....................    lcdlat.data = n; 
*
003E:  SWAPF  4E,W
003F:  ANDLW  F0
0040:  MOVWF  77
0041:  MOVLW  0F
0042:  ANDWF  08,W
0043:  IORWF  77,W
0044:  MOVWF  08
....................   #endif 
....................        
....................    delay_cycles(1); 
0045:  NOP
....................    lcd_output_enable(1); 
0046:  BSF    08.0
....................    delay_us(2); 
0047:  GOTO   048
....................    lcd_output_enable(0); 
0048:  BCF    08.0
0049:  RETURN
.................... } 
....................  
.................... void lcd_send_byte(unsigned int8 address, unsigned int8 n) 
.................... { 
....................   #if defined(__PCB__) 
....................    set_tris_lcd(LCD_OUTPUT_MAP); 
....................   #else 
....................    lcd_enable_tris(); 
*
0050:  BSF    03.5
0051:  BCF    08.0
....................    lcd_rs_tris(); 
0052:  BCF    08.1
....................    lcd_rw_tris(); 
0053:  BCF    08.2
....................   #endif 
....................  
....................    lcd_output_rs(0); 
0054:  BCF    03.5
0055:  BCF    08.1
....................    while ( bit_test(lcd_read_byte(),7) ) ; 
*
0077:  MOVF   78,W
0078:  MOVWF  4D
0079:  BTFSC  4D.7
007A:  GOTO   056
....................    lcd_output_rs(address); 
007B:  BTFSS  4B.0
007C:  BCF    08.1
007D:  BTFSC  4B.0
007E:  BSF    08.1
....................    delay_cycles(1); 
007F:  NOP
....................    lcd_output_rw(0); 
0080:  BCF    08.2
....................    delay_cycles(1); 
0081:  NOP
....................    lcd_output_enable(0); 
0082:  BCF    08.0
....................    lcd_send_nibble(n >> 4); 
0083:  SWAPF  4C,W
0084:  MOVWF  4D
0085:  MOVLW  0F
0086:  ANDWF  4D,F
0087:  MOVF   4D,W
0088:  MOVWF  4E
0089:  CALL   03E
....................    lcd_send_nibble(n & 0xf); 
008A:  MOVF   4C,W
008B:  ANDLW  0F
008C:  MOVWF  4D
008D:  MOVWF  4E
008E:  CALL   03E
008F:  RETURN
.................... } 
....................  
.................... #if defined(LCD_EXTENDED_NEWLINE) 
.................... unsigned int8 g_LcdX, g_LcdY; 
.................... #endif 
....................  
.................... void lcd_init(void)  
.................... { 
....................    unsigned int8 i; 
....................    unsigned int8 LCD_INIT_STRING[4] = {0x20 | (LCD_TYPE << 2), 0xc, 1, 6}; 
0090:  MOVLW  28
0091:  MOVWF  3A
0092:  MOVLW  0C
0093:  MOVWF  3B
0094:  MOVLW  01
0095:  MOVWF  3C
0096:  MOVLW  06
0097:  MOVWF  3D
....................                              // These bytes need to be sent to the LCD 
....................                              // to start it up. 
....................     
....................  
....................    lcd_output_enable(0); 
0098:  BCF    08.0
....................    lcd_output_rs(0); 
0099:  BCF    08.1
....................    lcd_output_rw(0); 
009A:  BCF    08.2
....................  
....................  #if defined(__PCB__) 
....................    set_tris_lcd(LCD_OUTPUT_MAP); 
....................  #else 
....................   #if (defined(LCD_DATA4) && defined(LCD_DATA5) && defined(LCD_DATA6) && defined(LCD_DATA7)) 
....................    output_drive(LCD_DATA4); 
....................    output_drive(LCD_DATA5); 
....................    output_drive(LCD_DATA6); 
....................    output_drive(LCD_DATA7); 
....................   #else 
....................    lcdtris.data = 0x0; 
009B:  MOVLW  0F
009C:  BSF    03.5
009D:  ANDWF  08,W
009E:  MOVWF  08
....................   #endif 
....................    lcd_enable_tris(); 
009F:  BCF    08.0
....................    lcd_rs_tris(); 
00A0:  BCF    08.1
....................    lcd_rw_tris(); 
00A1:  BCF    08.2
....................  #endif 
....................      
....................    delay_ms(15); 
00A2:  MOVLW  0F
00A3:  BCF    03.5
00A4:  MOVWF  47
00A5:  CALL   029
....................    for(i=1;i<=3;++i) 
00A6:  MOVLW  01
00A7:  MOVWF  39
00A8:  MOVF   39,W
00A9:  SUBLW  03
00AA:  BTFSS  03.0
00AB:  GOTO   0B4
....................    { 
....................        lcd_send_nibble(3); 
00AC:  MOVLW  03
00AD:  MOVWF  4E
00AE:  CALL   03E
....................        delay_ms(5); 
00AF:  MOVLW  05
00B0:  MOVWF  47
00B1:  CALL   029
00B2:  INCF   39,F
00B3:  GOTO   0A8
....................    } 
....................     
....................    lcd_send_nibble(2); 
00B4:  MOVLW  02
00B5:  MOVWF  4E
00B6:  CALL   03E
....................    delay_ms(5); 
00B7:  MOVLW  05
00B8:  MOVWF  47
00B9:  CALL   029
....................    for(i=0;i<=3;++i) 
00BA:  CLRF   39
00BB:  MOVF   39,W
00BC:  SUBLW  03
00BD:  BTFSS  03.0
00BE:  GOTO   0CB
....................       lcd_send_byte(0,LCD_INIT_STRING[i]); 
00BF:  MOVLW  3A
00C0:  ADDWF  39,W
00C1:  MOVWF  04
00C2:  BCF    03.7
00C3:  MOVF   00,W
00C4:  MOVWF  3E
00C5:  CLRF   4B
00C6:  MOVF   3E,W
00C7:  MOVWF  4C
00C8:  CALL   050
....................  
....................   #if defined(LCD_EXTENDED_NEWLINE) 
00C9:  INCF   39,F
00CA:  GOTO   0BB
00CB:  BCF    0A.3
00CC:  BCF    0A.4
00CD:  GOTO   670 (RETURN)
....................    g_LcdX = 0; 
....................    g_LcdY = 0; 
....................   #endif 
.................... } 
....................  
.................... void lcd_gotoxy(unsigned int8 x, unsigned int8 y) 
.................... { 
....................    unsigned int8 address; 
....................     
....................    if(y!=1) 
00CE:  DECFSZ 48,W
00CF:  GOTO   0D1
00D0:  GOTO   0D4
....................       address=LCD_LINE_TWO; 
00D1:  MOVLW  40
00D2:  MOVWF  49
00D3:  GOTO   0D5
....................    else 
....................       address=0; 
00D4:  CLRF   49
....................       
....................    address+=x-1; 
00D5:  MOVLW  01
00D6:  SUBWF  47,W
00D7:  ADDWF  49,F
....................    lcd_send_byte(0,0x80|address); 
00D8:  MOVF   49,W
00D9:  IORLW  80
00DA:  MOVWF  4A
00DB:  CLRF   4B
00DC:  MOVF   4A,W
00DD:  MOVWF  4C
00DE:  CALL   050
....................  
....................   #if defined(LCD_EXTENDED_NEWLINE) 
00DF:  RETURN
....................    g_LcdX = x - 1; 
....................    g_LcdY = y - 1; 
....................   #endif 
.................... } 
....................  
.................... void lcd_putc(char c) 
.................... { 
....................    switch (c) 
00E0:  MOVF   46,W
00E1:  XORLW  07
00E2:  BTFSC  03.2
00E3:  GOTO   0EE
00E4:  XORLW  0B
00E5:  BTFSC  03.2
00E6:  GOTO   0F3
00E7:  XORLW  06
00E8:  BTFSC  03.2
00E9:  GOTO   0FB
00EA:  XORLW  02
00EB:  BTFSC  03.2
00EC:  GOTO   101
00ED:  GOTO   106
....................    { 
....................       case '\a'   :  lcd_gotoxy(1,1);     break; 
00EE:  MOVLW  01
00EF:  MOVWF  47
00F0:  MOVWF  48
00F1:  CALL   0CE
00F2:  GOTO   10B
....................  
....................       case '\f'   :  lcd_send_byte(0,1); 
00F3:  CLRF   4B
00F4:  MOVLW  01
00F5:  MOVWF  4C
00F6:  CALL   050
....................                      delay_ms(2); 
00F7:  MOVLW  02
00F8:  MOVWF  47
00F9:  CALL   029
....................                     #if defined(LCD_EXTENDED_NEWLINE) 
....................                      g_LcdX = 0; 
....................                      g_LcdY = 0; 
....................                     #endif 
....................                      break; 
00FA:  GOTO   10B
....................  
....................      #if defined(LCD_EXTENDED_NEWLINE) 
....................       case '\r'   :  lcd_gotoxy(1, g_LcdY+1);   break; 
....................       case '\n'   : 
....................          while (g_LcdX++ < LCD_LINE_LENGTH) 
....................          { 
....................             lcd_send_byte(1, ' '); 
....................          } 
....................          lcd_gotoxy(1, g_LcdY+2); 
....................          break; 
....................      #else 
....................       case '\n'   : lcd_gotoxy(1,2);        break; 
00FB:  MOVLW  01
00FC:  MOVWF  47
00FD:  MOVLW  02
00FE:  MOVWF  48
00FF:  CALL   0CE
0100:  GOTO   10B
....................      #endif 
....................       
....................       case '\b'   : lcd_send_byte(0,0x10);  break; 
0101:  CLRF   4B
0102:  MOVLW  10
0103:  MOVWF  4C
0104:  CALL   050
0105:  GOTO   10B
....................       
....................      #if defined(LCD_EXTENDED_NEWLINE) 
....................       default     :  
....................          if (g_LcdX < LCD_LINE_LENGTH) 
....................          { 
....................             lcd_send_byte(1, c); 
....................             g_LcdX++; 
....................          } 
....................          break; 
....................      #else 
....................       default     : lcd_send_byte(1,c);     break; 
0106:  MOVLW  01
0107:  MOVWF  4B
0108:  MOVF   46,W
0109:  MOVWF  4C
010A:  CALL   050
....................      #endif 
....................    } 
010B:  RETURN
.................... } 
....................   
.................... char lcd_getc(unsigned int8 x, unsigned int8 y) 
.................... { 
....................    char value; 
....................  
....................    lcd_gotoxy(x,y); 
....................    while ( bit_test(lcd_read_byte(),7) ); // wait until busy flag is low 
....................    lcd_output_rs(1); 
....................    value = lcd_read_byte(); 
....................    lcd_output_rs(0); 
....................     
....................    return(value); 
.................... } 
....................  
.................... // write a custom character to the ram 
.................... // which is 0-7 and specifies which character array we are modifying. 
.................... // ptr points to an array of 8 bytes, where each byte is the next row of 
.................... //    pixels.  only bits 0-4 are used.  the last row is the cursor row, and 
.................... //    usually you will want to leave this byte 0x00. 
.................... void lcd_set_cgram_char(unsigned int8 which, unsigned int8 *ptr) 
.................... { 
....................    unsigned int i; 
....................  
....................    which <<= 3; 
....................    which &= 0x38; 
....................  
....................    lcd_send_byte(0, 0x40 | which);  //set cgram address 
....................  
....................    for(i=0; i<8; i++) 
....................    { 
....................       lcd_send_byte(1, *ptr++); 
....................    } 
....................    
....................    #if defined(LCD_EXTENDED_NEWLINE) 
....................     lcd_gotoxy(g_LcdX+1, g_LcdY+1);  //set ddram address 
....................    #endif 
.................... } 
....................  
.................... void lcd_cursor_on(int1 on) 
.................... { 
....................    if (on) 
....................    { 
....................       lcd_send_byte(0,0x0F);           //turn LCD cursor ON 
....................    } 
....................    else 
....................    { 
....................       lcd_send_byte(0,0x0C);           //turn LCD cursor OFF 
....................    } 
.................... } 
....................  
.................... #endif 
....................  
....................  
.................... #use fast_io(A) 
.................... #use fast_io(B) 
.................... #use fast_io(C) 
.................... #use fast_io(D) 
....................  
.................... int1 start_stop = 0; 
.................... int8 cont_motor = 0; 
.................... const byte motor[8] = {0b1000, 0b1100, 0b0100, 0b0110, 0b0010, 0b0011, 0b0001, 0b1001}; 
....................  
.................... double map (float valor, float entradaMin, float entradaMax, float salidaMin, float salidaMax); 
....................  
.................... void main () { 
*
062D:  MOVF   03,W
062E:  ANDLW  1F
062F:  MOVWF  03
0630:  BCF    20.0
0631:  CLRF   21
0632:  CLRF   23
0633:  CLRF   22
0634:  BSF    03.5
0635:  BSF    03.6
0636:  MOVF   09,W
0637:  ANDLW  C0
0638:  MOVWF  09
0639:  BCF    03.6
063A:  BCF    1F.4
063B:  BCF    1F.5
063C:  MOVLW  00
063D:  BSF    03.6
063E:  MOVWF  08
063F:  BCF    03.5
0640:  CLRF   07
0641:  CLRF   08
0642:  CLRF   09
0643:  BCF    03.7
0644:  BCF    03.6
0645:  CLRF   27
0646:  CLRF   26
0647:  CLRF   25
0648:  CLRF   24
0649:  CLRF   2B
064A:  CLRF   2A
064B:  CLRF   29
064C:  CLRF   28
064D:  CLRF   2F
064E:  CLRF   2E
064F:  CLRF   2D
0650:  CLRF   2C
0651:  CLRF   33
0652:  CLRF   32
0653:  CLRF   31
0654:  CLRF   30
0655:  CLRF   37
0656:  CLRF   36
0657:  CLRF   35
0658:  CLRF   34
0659:  CLRF   38
....................    //Variables 
....................    //Frecuencia respiratoria (10-70) Respiraciones por minuto 
....................    float frec_res = 0; 
....................    float q_frec_res = 0; 
....................    //Presion medida 
....................    float pres = 0; 
....................    float pres_med = 0; 
....................    float q_pres_med = 0; 
....................     
....................    //Periodo de respiración 
....................    int per_res = 0; 
....................     
....................    //Puertos Motor Paso a Paso y Start-Stop 
....................    set_tris_b(0xF0);             //Se usan los puertos de RB0 hasta RB3 
065A:  MOVLW  F0
065B:  BSF    03.5
065C:  MOVWF  06
....................                                  //para el motor paso a paso y los puertos 
....................                                  //RB4 y RB5 para Start y Stop, respectivamente 
....................     
....................    //Configuración ADC 
....................    setup_adc_ports(0x03);        //Se usan los canales AN0 y AN1 
065D:  BSF    03.6
065E:  MOVF   09,W
065F:  ANDLW  C0
0660:  MOVWF  09
0661:  BCF    03.6
0662:  BCF    1F.4
0663:  BCF    1F.5
0664:  MOVLW  03
0665:  BSF    03.6
0666:  MOVWF  08
....................    setup_adc(ADC_CLOCK_INTERNAL); 
0667:  BCF    03.5
0668:  BCF    03.6
0669:  BSF    1F.6
066A:  BSF    1F.7
066B:  BSF    03.5
066C:  BSF    1F.7
066D:  BCF    03.5
066E:  BSF    1F.0
....................     
....................    //Configuración LCD 
....................    lcd_init(); 
066F:  GOTO   090
....................    delay_ms(300); 
0670:  MOVLW  02
0671:  MOVWF  39
0672:  MOVLW  96
0673:  MOVWF  47
0674:  CALL   029
0675:  DECFSZ 39,F
0676:  GOTO   672
....................    printf(lcd_putc, "\fBienvenido!!!"); 
0677:  MOVLW  10
0678:  BSF    03.6
0679:  MOVWF  0D
067A:  MOVLW  00
067B:  MOVWF  0F
067C:  BCF    03.6
067D:  GOTO   10C
....................    delay_ms(300); 
067E:  MOVLW  02
067F:  MOVWF  39
0680:  MOVLW  96
0681:  MOVWF  47
0682:  CALL   029
0683:  DECFSZ 39,F
0684:  GOTO   680
....................     
....................    while (true) { 
....................       //Lectura de la frecuencia respiratoria 
....................       set_adc_channel(1); 
0685:  MOVLW  04
0686:  MOVWF  78
0687:  MOVF   1F,W
0688:  ANDLW  C3
0689:  IORWF  78,W
068A:  MOVWF  1F
....................       delay_us(20); 
068B:  MOVLW  06
068C:  MOVWF  77
068D:  DECFSZ 77,F
068E:  GOTO   68D
068F:  NOP
....................       q_frec_res = read_adc(); 
0690:  BSF    1F.1
0691:  BTFSC  1F.1
0692:  GOTO   691
0693:  MOVF   1E,W
0694:  MOVWF  7A
0695:  BSF    03.5
0696:  MOVF   1E,W
0697:  BCF    03.5
0698:  MOVWF  39
0699:  MOVF   1E,W
069A:  MOVWF  3A
069B:  CALL   164
069C:  MOVF   7A,W
069D:  MOVWF  2B
069E:  MOVF   79,W
069F:  MOVWF  2A
06A0:  MOVF   78,W
06A1:  MOVWF  29
06A2:  MOVF   77,W
06A3:  MOVWF  28
....................       frec_res = map(q_frec_res, 0, 1023, 10, 70); 
06A4:  MOVF   2B,W
06A5:  MOVWF  3C
06A6:  MOVF   2A,W
06A7:  MOVWF  3B
06A8:  MOVF   29,W
06A9:  MOVWF  3A
06AA:  MOVF   28,W
06AB:  MOVWF  39
06AC:  CLRF   40
06AD:  CLRF   3F
06AE:  CLRF   3E
06AF:  CLRF   3D
06B0:  CLRF   44
06B1:  MOVLW  C0
06B2:  MOVWF  43
06B3:  MOVLW  7F
06B4:  MOVWF  42
06B5:  MOVLW  88
06B6:  MOVWF  41
06B7:  CLRF   48
06B8:  CLRF   47
06B9:  MOVLW  20
06BA:  MOVWF  46
06BB:  MOVLW  82
06BC:  MOVWF  45
06BD:  CLRF   4C
06BE:  CLRF   4B
06BF:  MOVLW  0C
06C0:  MOVWF  4A
06C1:  MOVLW  85
06C2:  MOVWF  49
06C3:  GOTO   401
06C4:  MOVF   7A,W
06C5:  MOVWF  27
06C6:  MOVF   79,W
06C7:  MOVWF  26
06C8:  MOVF   78,W
06C9:  MOVWF  25
06CA:  MOVF   77,W
06CB:  MOVWF  24
....................        
....................       //Duty cicle 
....................       per_res = 60000/(frec_res*8); 
06CC:  MOVF   27,W
06CD:  MOVWF  54
06CE:  MOVF   26,W
06CF:  MOVWF  53
06D0:  MOVF   25,W
06D1:  MOVWF  52
06D2:  MOVF   24,W
06D3:  MOVWF  51
06D4:  CLRF   58
06D5:  CLRF   57
06D6:  CLRF   56
06D7:  MOVLW  82
06D8:  MOVWF  55
06D9:  CALL   2C2
06DA:  CLRF   54
06DB:  MOVLW  60
06DC:  MOVWF  53
06DD:  MOVLW  6A
06DE:  MOVWF  52
06DF:  MOVLW  8E
06E0:  MOVWF  51
06E1:  MOVF   7A,W
06E2:  MOVWF  58
06E3:  MOVF   79,W
06E4:  MOVWF  57
06E5:  MOVF   78,W
06E6:  MOVWF  56
06E7:  MOVF   77,W
06E8:  MOVWF  55
06E9:  CALL   337
06EA:  MOVF   7A,W
06EB:  MOVWF  3C
06EC:  MOVF   79,W
06ED:  MOVWF  3B
06EE:  MOVF   78,W
06EF:  MOVWF  3A
06F0:  MOVF   77,W
06F1:  MOVWF  39
06F2:  GOTO   486
06F3:  MOVF   78,W
06F4:  MOVWF  38
....................        
....................       //Lectura de la presión 
....................       set_adc_channel(0); 
06F5:  MOVLW  00
06F6:  MOVWF  78
06F7:  MOVF   1F,W
06F8:  ANDLW  C3
06F9:  IORWF  78,W
06FA:  MOVWF  1F
....................       delay_us(20); 
06FB:  MOVLW  06
06FC:  MOVWF  77
06FD:  DECFSZ 77,F
06FE:  GOTO   6FD
06FF:  NOP
....................       q_pres_med = read_adc(); 
0700:  BSF    1F.1
0701:  BTFSC  1F.1
0702:  GOTO   701
0703:  MOVF   1E,W
0704:  MOVWF  7A
0705:  BSF    03.5
0706:  MOVF   1E,W
0707:  BCF    03.5
0708:  MOVWF  39
0709:  MOVF   1E,W
070A:  MOVWF  3A
070B:  CALL   164
070C:  MOVF   7A,W
070D:  MOVWF  37
070E:  MOVF   79,W
070F:  MOVWF  36
0710:  MOVF   78,W
0711:  MOVWF  35
0712:  MOVF   77,W
0713:  MOVWF  34
....................       pres = (5.0*q_pres_med)/1024.0; 
0714:  CLRF   54
0715:  CLRF   53
0716:  MOVLW  20
0717:  MOVWF  52
0718:  MOVLW  81
0719:  MOVWF  51
071A:  MOVF   37,W
071B:  MOVWF  58
071C:  MOVF   36,W
071D:  MOVWF  57
071E:  MOVF   35,W
071F:  MOVWF  56
0720:  MOVF   34,W
0721:  MOVWF  55
0722:  CALL   2C2
0723:  MOVF   7A,W
0724:  MOVWF  3C
0725:  MOVF   79,W
0726:  MOVWF  3B
0727:  MOVF   78,W
0728:  MOVWF  3A
0729:  MOVF   77,W
072A:  MOVWF  39
072B:  MOVF   7A,W
072C:  MOVWF  54
072D:  MOVF   79,W
072E:  MOVWF  53
072F:  MOVF   78,W
0730:  MOVWF  52
0731:  MOVF   77,W
0732:  MOVWF  51
0733:  CLRF   58
0734:  CLRF   57
0735:  CLRF   56
0736:  MOVLW  89
0737:  MOVWF  55
0738:  CALL   337
0739:  MOVF   7A,W
073A:  MOVWF  2F
073B:  MOVF   79,W
073C:  MOVWF  2E
073D:  MOVF   78,W
073E:  MOVWF  2D
073F:  MOVF   77,W
0740:  MOVWF  2C
....................       pres_med = ((0.475 + pres)/0.045) - 1; 
0741:  BCF    03.1
0742:  MOVLW  33
0743:  MOVWF  54
0744:  MOVWF  53
0745:  MOVLW  73
0746:  MOVWF  52
0747:  MOVLW  7D
0748:  MOVWF  51
0749:  MOVF   2F,W
074A:  MOVWF  58
074B:  MOVF   2E,W
074C:  MOVWF  57
074D:  MOVF   2D,W
074E:  MOVWF  56
074F:  MOVF   2C,W
0750:  MOVWF  55
0751:  CALL   181
0752:  MOVF   7A,W
0753:  MOVWF  3C
0754:  MOVF   79,W
0755:  MOVWF  3B
0756:  MOVF   78,W
0757:  MOVWF  3A
0758:  MOVF   77,W
0759:  MOVWF  39
075A:  MOVF   7A,W
075B:  MOVWF  54
075C:  MOVF   79,W
075D:  MOVWF  53
075E:  MOVF   78,W
075F:  MOVWF  52
0760:  MOVF   77,W
0761:  MOVWF  51
0762:  MOVLW  EC
0763:  MOVWF  58
0764:  MOVLW  51
0765:  MOVWF  57
0766:  MOVLW  38
0767:  MOVWF  56
0768:  MOVLW  7A
0769:  MOVWF  55
076A:  CALL   337
076B:  MOVF   7A,W
076C:  MOVWF  3C
076D:  MOVF   79,W
076E:  MOVWF  3B
076F:  MOVF   78,W
0770:  MOVWF  3A
0771:  MOVF   77,W
0772:  MOVWF  39
0773:  BSF    03.1
0774:  MOVF   7A,W
0775:  MOVWF  54
0776:  MOVF   79,W
0777:  MOVWF  53
0778:  MOVF   78,W
0779:  MOVWF  52
077A:  MOVF   77,W
077B:  MOVWF  51
077C:  CLRF   58
077D:  CLRF   57
077E:  CLRF   56
077F:  MOVLW  7F
0780:  MOVWF  55
0781:  CALL   181
0782:  MOVF   7A,W
0783:  MOVWF  33
0784:  MOVF   79,W
0785:  MOVWF  32
0786:  MOVF   78,W
0787:  MOVWF  31
0788:  MOVF   77,W
0789:  MOVWF  30
....................        
....................       //Visualización de los datos 
....................       printf(lcd_putc, "\fFR = %.1f Res/m", frec_res); 
078A:  MOVLW  18
078B:  BSF    03.6
078C:  MOVWF  0D
078D:  MOVLW  00
078E:  MOVWF  0F
078F:  BCF    03.0
0790:  MOVLW  06
0791:  BCF    03.6
0792:  MOVWF  39
0793:  CALL   4A7
0794:  MOVLW  89
0795:  MOVWF  04
0796:  MOVF   27,W
0797:  MOVWF  3C
0798:  MOVF   26,W
0799:  MOVWF  3B
079A:  MOVF   25,W
079B:  MOVWF  3A
079C:  MOVF   24,W
079D:  MOVWF  39
079E:  MOVLW  01
079F:  MOVWF  3D
07A0:  CALL   54D
07A1:  MOVLW  1D
07A2:  BSF    03.6
07A3:  MOVWF  0D
07A4:  MOVLW  00
07A5:  MOVWF  0F
07A6:  BCF    03.0
07A7:  MOVLW  06
07A8:  BCF    03.6
07A9:  MOVWF  39
07AA:  CALL   4A7
....................       printf(lcd_putc, "\nPr. = %.0f kPa", pres_med); 
07AB:  MOVLW  21
07AC:  BSF    03.6
07AD:  MOVWF  0D
07AE:  MOVLW  00
07AF:  MOVWF  0F
07B0:  BCF    03.0
07B1:  MOVLW  07
07B2:  BCF    03.6
07B3:  MOVWF  39
07B4:  CALL   4A7
07B5:  MOVLW  89
07B6:  MOVWF  04
07B7:  MOVF   33,W
07B8:  MOVWF  3C
07B9:  MOVF   32,W
07BA:  MOVWF  3B
07BB:  MOVF   31,W
07BC:  MOVWF  3A
07BD:  MOVF   30,W
07BE:  MOVWF  39
07BF:  CLRF   3D
07C0:  CALL   54D
07C1:  MOVLW  26
07C2:  BSF    03.6
07C3:  MOVWF  0D
07C4:  MOVLW  00
07C5:  MOVWF  0F
07C6:  BSF    03.0
07C7:  MOVLW  04
07C8:  BCF    03.6
07C9:  MOVWF  39
07CA:  CALL   4A7
....................       delay_ms(20); 
07CB:  MOVLW  14
07CC:  MOVWF  47
07CD:  CALL   029
....................        
....................       //Verificar si se presiona el pulsador de Start 
....................       if (input(PIN_B4)) { 
07CE:  BTFSS  06.4
07CF:  GOTO   7D5
....................          start_stop = 1; 
07D0:  BSF    20.0
....................          delay_ms(50); 
07D1:  MOVLW  32
07D2:  MOVWF  47
07D3:  CALL   029
....................       } else if (input(PIN_B5)) { 
07D4:  GOTO   7DB
07D5:  BTFSS  06.5
07D6:  GOTO   7DB
....................          start_stop = 0; 
07D7:  BCF    20.0
....................          delay_ms(50); 
07D8:  MOVLW  32
07D9:  MOVWF  47
07DA:  CALL   029
....................       } 
....................        
....................       //Motor Paso A Paso 
....................       if (start_stop) { 
07DB:  BTFSS  20.0
07DC:  GOTO   7F2
....................          cont_motor = 0; 
07DD:  CLRF   21
....................          while (cont_motor < 8) { 
07DE:  MOVF   21,W
07DF:  SUBLW  07
07E0:  BTFSS  03.0
07E1:  GOTO   7F2
....................             output_b(motor[cont_motor]); 
07E2:  MOVF   21,W
07E3:  CALL   004
07E4:  MOVWF  39
07E5:  MOVWF  06
....................             delay_ms(per_res); 
07E6:  MOVF   38,W
07E7:  MOVWF  47
07E8:  CALL   029
....................             cont_motor++; 
07E9:  INCF   21,F
....................             if (input(PIN_B5)) { 
07EA:  BTFSS  06.5
07EB:  GOTO   7F1
....................                start_stop = 0; 
07EC:  BCF    20.0
....................                delay_ms(50); 
07ED:  MOVLW  32
07EE:  MOVWF  47
07EF:  CALL   029
....................                break; 
07F0:  GOTO   7F2
....................             } 
07F1:  GOTO   7DE
....................          } 
....................       } else {} 
07F2:  GOTO   685
....................    } 
.................... } 
....................  
07F3:  SLEEP
.................... double map (float valor, float entradaMin, float entradaMax, float salidaMin, float salidaMax) { 
....................    return ((((valor-entradaMin)*(salidaMax-salidaMin))/(entradaMax-entradaMin))+salidaMin);  
*
0401:  BSF    03.1
0402:  MOVF   3C,W
0403:  MOVWF  54
0404:  MOVF   3B,W
0405:  MOVWF  53
0406:  MOVF   3A,W
0407:  MOVWF  52
0408:  MOVF   39,W
0409:  MOVWF  51
040A:  MOVF   40,W
040B:  MOVWF  58
040C:  MOVF   3F,W
040D:  MOVWF  57
040E:  MOVF   3E,W
040F:  MOVWF  56
0410:  MOVF   3D,W
0411:  MOVWF  55
0412:  CALL   181
0413:  MOVF   7A,W
0414:  MOVWF  50
0415:  MOVF   79,W
0416:  MOVWF  4F
0417:  MOVF   78,W
0418:  MOVWF  4E
0419:  MOVF   77,W
041A:  MOVWF  4D
041B:  BSF    03.1
041C:  MOVF   4C,W
041D:  MOVWF  54
041E:  MOVF   4B,W
041F:  MOVWF  53
0420:  MOVF   4A,W
0421:  MOVWF  52
0422:  MOVF   49,W
0423:  MOVWF  51
0424:  MOVF   48,W
0425:  MOVWF  58
0426:  MOVF   47,W
0427:  MOVWF  57
0428:  MOVF   46,W
0429:  MOVWF  56
042A:  MOVF   45,W
042B:  MOVWF  55
042C:  CALL   181
042D:  MOVF   50,W
042E:  MOVWF  54
042F:  MOVF   4F,W
0430:  MOVWF  53
0431:  MOVF   4E,W
0432:  MOVWF  52
0433:  MOVF   4D,W
0434:  MOVWF  51
0435:  MOVF   7A,W
0436:  MOVWF  58
0437:  MOVF   79,W
0438:  MOVWF  57
0439:  MOVF   78,W
043A:  MOVWF  56
043B:  MOVF   77,W
043C:  MOVWF  55
043D:  CALL   2C2
043E:  MOVF   7A,W
043F:  MOVWF  50
0440:  MOVF   79,W
0441:  MOVWF  4F
0442:  MOVF   78,W
0443:  MOVWF  4E
0444:  MOVF   77,W
0445:  MOVWF  4D
0446:  BSF    03.1
0447:  MOVF   44,W
0448:  MOVWF  54
0449:  MOVF   43,W
044A:  MOVWF  53
044B:  MOVF   42,W
044C:  MOVWF  52
044D:  MOVF   41,W
044E:  MOVWF  51
044F:  MOVF   40,W
0450:  MOVWF  58
0451:  MOVF   3F,W
0452:  MOVWF  57
0453:  MOVF   3E,W
0454:  MOVWF  56
0455:  MOVF   3D,W
0456:  MOVWF  55
0457:  CALL   181
0458:  MOVF   50,W
0459:  MOVWF  54
045A:  MOVF   4F,W
045B:  MOVWF  53
045C:  MOVF   4E,W
045D:  MOVWF  52
045E:  MOVF   4D,W
045F:  MOVWF  51
0460:  MOVF   7A,W
0461:  MOVWF  58
0462:  MOVF   79,W
0463:  MOVWF  57
0464:  MOVF   78,W
0465:  MOVWF  56
0466:  MOVF   77,W
0467:  MOVWF  55
0468:  CALL   337
0469:  MOVF   7A,W
046A:  MOVWF  50
046B:  MOVF   79,W
046C:  MOVWF  4F
046D:  MOVF   78,W
046E:  MOVWF  4E
046F:  MOVF   77,W
0470:  MOVWF  4D
0471:  BCF    03.1
0472:  MOVF   7A,W
0473:  MOVWF  54
0474:  MOVF   79,W
0475:  MOVWF  53
0476:  MOVF   78,W
0477:  MOVWF  52
0478:  MOVF   77,W
0479:  MOVWF  51
047A:  MOVF   48,W
047B:  MOVWF  58
047C:  MOVF   47,W
047D:  MOVWF  57
047E:  MOVF   46,W
047F:  MOVWF  56
0480:  MOVF   45,W
0481:  MOVWF  55
0482:  CALL   181
0483:  BCF    0A.3
0484:  BCF    0A.4
0485:  GOTO   6C4 (RETURN)
.................... } 

Configuration Fuses:
   Word  1: 2FE1   XT NOWDT PUT MCLR NOPROTECT NOCPD BROWNOUT IESO FCMEN NOLVP NODEBUG
   Word  2: 3FFF   BORV40 NOWRT
